Archive member included to satisfy reference by file (symbol)

d:/telepitett/systemworkbench/plugins/fr.ac6.mcu.externaltools.arm-none.win32_1.15.0.201708311556/tools/compiler/bin/../lib/gcc/arm-none-eabi/6.3.1/../../../../arm-none-eabi/lib/thumb/v7e-m/fpv4-sp/hard\libstdc++_nano.a(new_op.o)
                              CPP/HCI.o (operator new(unsigned int))
d:/telepitett/systemworkbench/plugins/fr.ac6.mcu.externaltools.arm-none.win32_1.15.0.201708311556/tools/compiler/bin/../lib/gcc/arm-none-eabi/6.3.1/../../../../arm-none-eabi/lib/thumb/v7e-m/fpv4-sp/hard\libstdc++_nano.a(del_ops.o)
                              CPP/HCI.o (operator delete(void*, unsigned int))
d:/telepitett/systemworkbench/plugins/fr.ac6.mcu.externaltools.arm-none.win32_1.15.0.201708311556/tools/compiler/bin/../lib/gcc/arm-none-eabi/6.3.1/../../../../arm-none-eabi/lib/thumb/v7e-m/fpv4-sp/hard\libstdc++_nano.a(new_handler.o)
                              d:/telepitett/systemworkbench/plugins/fr.ac6.mcu.externaltools.arm-none.win32_1.15.0.201708311556/tools/compiler/bin/../lib/gcc/arm-none-eabi/6.3.1/../../../../arm-none-eabi/lib/thumb/v7e-m/fpv4-sp/hard\libstdc++_nano.a(new_op.o) (std::get_new_handler())
d:/telepitett/systemworkbench/plugins/fr.ac6.mcu.externaltools.arm-none.win32_1.15.0.201708311556/tools/compiler/bin/../lib/gcc/arm-none-eabi/6.3.1/../../../../arm-none-eabi/lib/thumb/v7e-m/fpv4-sp/hard\libstdc++_nano.a(del_op.o)
                              d:/telepitett/systemworkbench/plugins/fr.ac6.mcu.externaltools.arm-none.win32_1.15.0.201708311556/tools/compiler/bin/../lib/gcc/arm-none-eabi/6.3.1/../../../../arm-none-eabi/lib/thumb/v7e-m/fpv4-sp/hard\libstdc++_nano.a(del_ops.o) (operator delete(void*))
d:/telepitett/systemworkbench/plugins/fr.ac6.mcu.externaltools.arm-none.win32_1.15.0.201708311556/tools/compiler/bin/../lib/gcc/arm-none-eabi/6.3.1/thumb/v7e-m/fpv4-sp/hard\libgcc.a(_aeabi_uldivmod.o)
                              Drivers/STM32F4xx_HAL_Driver/Src/stm32f4xx_hal_rcc.o (__aeabi_uldivmod)
d:/telepitett/systemworkbench/plugins/fr.ac6.mcu.externaltools.arm-none.win32_1.15.0.201708311556/tools/compiler/bin/../lib/gcc/arm-none-eabi/6.3.1/thumb/v7e-m/fpv4-sp/hard\libgcc.a(_udivmoddi4.o)
                              d:/telepitett/systemworkbench/plugins/fr.ac6.mcu.externaltools.arm-none.win32_1.15.0.201708311556/tools/compiler/bin/../lib/gcc/arm-none-eabi/6.3.1/thumb/v7e-m/fpv4-sp/hard\libgcc.a(_aeabi_uldivmod.o) (__udivmoddi4)
d:/telepitett/systemworkbench/plugins/fr.ac6.mcu.externaltools.arm-none.win32_1.15.0.201708311556/tools/compiler/bin/../lib/gcc/arm-none-eabi/6.3.1/thumb/v7e-m/fpv4-sp/hard\libgcc.a(_dvmd_tls.o)
                              d:/telepitett/systemworkbench/plugins/fr.ac6.mcu.externaltools.arm-none.win32_1.15.0.201708311556/tools/compiler/bin/../lib/gcc/arm-none-eabi/6.3.1/thumb/v7e-m/fpv4-sp/hard\libgcc.a(_aeabi_uldivmod.o) (__aeabi_ldiv0)
d:/telepitett/systemworkbench/plugins/fr.ac6.mcu.externaltools.arm-none.win32_1.15.0.201708311556/tools/compiler/bin/../lib/gcc/arm-none-eabi/6.3.1/../../../../arm-none-eabi/lib/thumb/v7e-m/fpv4-sp/hard\libc_nano.a(lib_a-abort.o)
                              d:/telepitett/systemworkbench/plugins/fr.ac6.mcu.externaltools.arm-none.win32_1.15.0.201708311556/tools/compiler/bin/../lib/gcc/arm-none-eabi/6.3.1/../../../../arm-none-eabi/lib/thumb/v7e-m/fpv4-sp/hard\libstdc++_nano.a(new_op.o) (abort)
d:/telepitett/systemworkbench/plugins/fr.ac6.mcu.externaltools.arm-none.win32_1.15.0.201708311556/tools/compiler/bin/../lib/gcc/arm-none-eabi/6.3.1/../../../../arm-none-eabi/lib/thumb/v7e-m/fpv4-sp/hard\libc_nano.a(lib_a-errno.o)
                              Src/syscalls.o (__errno)
d:/telepitett/systemworkbench/plugins/fr.ac6.mcu.externaltools.arm-none.win32_1.15.0.201708311556/tools/compiler/bin/../lib/gcc/arm-none-eabi/6.3.1/../../../../arm-none-eabi/lib/thumb/v7e-m/fpv4-sp/hard\libc_nano.a(lib_a-exit.o)
                              d:/telepitett/systemworkbench/plugins/fr.ac6.mcu.externaltools.arm-none.win32_1.15.0.201708311556/tools/compiler/bin/../lib/gcc/arm-none-eabi/6.3.1/../../../../arm-none-eabi/lib/thumb/v7e-m/fpv4-sp/hard/crt0.o (exit)
d:/telepitett/systemworkbench/plugins/fr.ac6.mcu.externaltools.arm-none.win32_1.15.0.201708311556/tools/compiler/bin/../lib/gcc/arm-none-eabi/6.3.1/../../../../arm-none-eabi/lib/thumb/v7e-m/fpv4-sp/hard\libc_nano.a(lib_a-impure.o)
                              d:/telepitett/systemworkbench/plugins/fr.ac6.mcu.externaltools.arm-none.win32_1.15.0.201708311556/tools/compiler/bin/../lib/gcc/arm-none-eabi/6.3.1/../../../../arm-none-eabi/lib/thumb/v7e-m/fpv4-sp/hard\libc_nano.a(lib_a-exit.o) (_global_impure_ptr)
d:/telepitett/systemworkbench/plugins/fr.ac6.mcu.externaltools.arm-none.win32_1.15.0.201708311556/tools/compiler/bin/../lib/gcc/arm-none-eabi/6.3.1/../../../../arm-none-eabi/lib/thumb/v7e-m/fpv4-sp/hard\libc_nano.a(lib_a-init.o)
[...]
Memory Configuration

Name             Origin             Length             Attributes
RAM              0x20000000         0x00020000         xrw
CCMRAM           0x10000000         0x00010000         xrw
FLASH            0x08000000         0x00100000         xr
*default*        0x00000000         0xffffffff

Linker script and memory map

LOAD d:/telepitett/systemworkbench/plugins/fr.ac6.mcu.externaltools.arm-none.win32_1.15.0.201708311556/tools/compiler/bin/../lib/gcc/arm-none-eabi/6.3.1/thumb/v7e-m/fpv4-sp/hard/crti.o
LOAD d:/telepitett/systemworkbench/plugins/fr.ac6.mcu.externaltools.arm-none.win32_1.15.0.201708311556/tools/compiler/bin/../lib/gcc/arm-none-eabi/6.3.1/thumb/v7e-m/fpv4-sp/hard/crtbegin.o
LOAD d:/telepitett/systemworkbench/plugins/fr.ac6.mcu.externaltools.arm-none.win32_1.15.0.201708311556/tools/compiler/bin/../lib/gcc/arm-none-eabi/6.3.1/../../../../arm-none-eabi/lib/thumb/v7e-m/fpv4-sp/hard/crt0.o
LOAD CPP/CRC16.o
LOAD CPP/HCI.o
LOAD CPP/LORA.o
LOAD CPP/SLIP.o
LOAD CPP/Tasks.o
LOAD Drivers/STM32F4xx_HAL_Driver/Src/stm32f4xx_hal.o
LOAD Drivers/STM32F4xx_HAL_Driver/Src/stm32f4xx_hal_cortex.o
LOAD Drivers/STM32F4xx_HAL_Driver/Src/stm32f4xx_hal_dma.o
LOAD Drivers/STM32F4xx_HAL_Driver/Src/stm32f4xx_hal_dma_ex.o
LOAD Drivers/STM32F4xx_HAL_Driver/Src/stm32f4xx_hal_exti.o
LOAD Drivers/STM32F4xx_HAL_Driver/Src/stm32f4xx_hal_flash.o
LOAD Drivers/STM32F4xx_HAL_Driver/Src/stm32f4xx_hal_flash_ex.o
LOAD Drivers/STM32F4xx_HAL_Driver/Src/stm32f4xx_hal_flash_ramfunc.o
LOAD Drivers/STM32F4xx_HAL_Driver/Src/stm32f4xx_hal_gpio.o
LOAD Drivers/STM32F4xx_HAL_Driver/Src/stm32f4xx_hal_pwr.o
LOAD Drivers/STM32F4xx_HAL_Driver/Src/stm32f4xx_hal_pwr_ex.o
LOAD Drivers/STM32F4xx_HAL_Driver/Src/stm32f4xx_hal_rcc.o
LOAD Drivers/STM32F4xx_HAL_Driver/Src/stm32f4xx_hal_rcc_ex.o
LOAD Drivers/STM32F4xx_HAL_Driver/Src/stm32f4xx_hal_tim.o
LOAD Drivers/STM32F4xx_HAL_Driver/Src/stm32f4xx_hal_tim_ex.o
LOAD Drivers/STM32F4xx_HAL_Driver/Src/stm32f4xx_hal_uart.o
LOAD Middlewares/Third_Party/FreeRTOS/Source/CMSIS_RTOS/cmsis_os.o
LOAD Middlewares/Third_Party/FreeRTOS/Source/croutine.o
LOAD Middlewares/Third_Party/FreeRTOS/Source/event_groups.o
LOAD Middlewares/Third_Party/FreeRTOS/Source/list.o
LOAD Middlewares/Third_Party/FreeRTOS/Source/queue.o
LOAD Middlewares/Third_Party/FreeRTOS/Source/stream_buffer.o
LOAD Middlewares/Third_Party/FreeRTOS/Source/tasks.o
LOAD Middlewares/Third_Party/FreeRTOS/Source/timers.o
LOAD Middlewares/Third_Party/FreeRTOS/Source/portable/GCC/ARM_CM4F/port.o
LOAD Middlewares/Third_Party/FreeRTOS/Source/portable/MemMang/heap_4.o
LOAD Src/freertos.o
LOAD Src/main.o
LOAD Src/stm32f4xx_hal_msp.o
LOAD Src/stm32f4xx_hal_timebase_tim.o
LOAD Src/stm32f4xx_it.o
LOAD Src/syscalls.o
LOAD Src/system_stm32f4xx.o
LOAD startup/startup_stm32f405xx.o
LOAD d:/telepitett/systemworkbench/plugins/fr.ac6.mcu.externaltools.arm-none.win32_1.15.0.201708311556/tools/compiler/bin/../lib/gcc/arm-none-eabi/6.3.1/../../../../arm-none-eabi/lib/thumb/v7e-m/fpv4-sp/hard\libstdc++_nano.a
LOAD d:/telepitett/systemworkbench/plugins/fr.ac6.mcu.externaltools.arm-none.win32_1.15.0.201708311556/tools/compiler/bin/../lib/gcc/arm-none-eabi/6.3.1/../../../../arm-none-eabi/lib/thumb/v7e-m/fpv4-sp/hard\libm.a
START GROUP
LOAD d:/telepitett/systemworkbench/plugins/fr.ac6.mcu.externaltools.arm-none.win32_1.15.0.201708311556/tools/compiler/bin/../lib/gcc/arm-none-eabi/6.3.1/thumb/v7e-m/fpv4-sp/hard\libgcc.a
LOAD d:/telepitett/systemworkbench/plugins/fr.ac6.mcu.externaltools.arm-none.win32_1.15.0.201708311556/tools/compiler/bin/../lib/gcc/arm-none-eabi/6.3.1/../../../../arm-none-eabi/lib/thumb/v7e-m/fpv4-sp/hard\libc_nano.a
END GROUP
START GROUP
LOAD d:/telepitett/systemworkbench/plugins/fr.ac6.mcu.externaltools.arm-none.win32_1.15.0.201708311556/tools/compiler/bin/../lib/gcc/arm-none-eabi/6.3.1/thumb/v7e-m/fpv4-sp/hard\libgcc.a
LOAD d:/telepitett/systemworkbench/plugins/fr.ac6.mcu.externaltools.arm-none.win32_1.15.0.201708311556/tools/compiler/bin/../lib/gcc/arm-none-eabi/6.3.1/../../../../arm-none-eabi/lib/thumb/v7e-m/fpv4-sp/hard\libc_nano.a
LOAD d:/telepitett/systemworkbench/plugins/fr.ac6.mcu.externaltools.arm-none.win32_1.15.0.201708311556/tools/compiler/bin/../lib/gcc/arm-none-eabi/6.3.1/../../../../arm-none-eabi/lib/thumb/v7e-m/fpv4-sp/hard\libnosys.a
END GROUP
START GROUP
LOAD d:/telepitett/systemworkbench/plugins/fr.ac6.mcu.externaltools.arm-none.win32_1.15.0.201708311556/tools/compiler/bin/../lib/gcc/arm-none-eabi/6.3.1/thumb/v7e-m/fpv4-sp/hard\libgcc.a
LOAD d:/telepitett/systemworkbench/plugins/fr.ac6.mcu.externaltools.arm-none.win32_1.15.0.201708311556/tools/compiler/bin/../lib/gcc/arm-none-eabi/6.3.1/../../../../arm-none-eabi/lib/thumb/v7e-m/fpv4-sp/hard\libc_nano.a
LOAD d:/telepitett/systemworkbench/plugins/fr.ac6.mcu.externaltools.arm-none.win32_1.15.0.201708311556/tools/compiler/bin/../lib/gcc/arm-none-eabi/6.3.1/../../../../arm-none-eabi/lib/thumb/v7e-m/fpv4-sp/hard\libnosys.a
END GROUP
LOAD d:/telepitett/systemworkbench/plugins/fr.ac6.mcu.externaltools.arm-none.win32_1.15.0.201708311556/tools/compiler/bin/../lib/gcc/arm-none-eabi/6.3.1/thumb/v7e-m/fpv4-sp/hard/crtend.o
LOAD d:/telepitett/systemworkbench/plugins/fr.ac6.mcu.externaltools.arm-none.win32_1.15.0.201708311556/tools/compiler/bin/../lib/gcc/arm-none-eabi/6.3.1/thumb/v7e-m/fpv4-sp/hard/crtn.o
                0x20020000                _estack = 0x20020000
                0x00000200                _Min_Heap_Size = 0x200
                0x00000400                _Min_Stack_Size = 0x400

.isr_vector     0x08000000      0x188
                0x08000000                . = ALIGN (0x4)
 *(.isr_vector)
 .isr_vector    0x08000000      0x188 startup/startup_stm32f405xx.o
                0x08000000                g_pfnVectors
                0x08000188                . = ALIGN (0x4)

.text           0x08000190     0x28fc
                0x08000190                . = ALIGN (0x4)
 *(.text)
 .text          0x08000190       0x6c d:/telepitett/systemworkbench/plugins/fr.ac6.mcu.externaltools.arm-none.win32_1.15.0.201708311556/tools/compiler/bin/../lib/gcc/arm-none-eabi/6.3.1/thumb/v7e-m/fpv4-sp/hard/crtbegin.o
 .text          0x080001fc       0x30 d:/telepitett/systemworkbench/plugins/fr.ac6.mcu.externaltools.arm-none.win32_1.15.0.201708311556/tools/compiler/bin/../lib/gcc/arm-none-eabi/6.3.1/thumb/v7e-m/fpv4-sp/hard\libgcc.a(_aeabi_uldivmod.o)
                0x080001fc                __aeabi_uldivmod
 .text          0x0800022c      0x2dc d:/telepitett/systemworkbench/plugins/fr.ac6.mcu.externaltools.arm-none.win32_1.15.0.201708311556/tools/compiler/bin/../lib/gcc/arm-none-eabi/6.3.1/thumb/v7e-m/fpv4-sp/hard\libgcc.a(_udivmoddi4.o)
                0x0800022c                __udivmoddi4
 .text          0x08000508        0x4 d:/telepitett/systemworkbench/plugins/fr.ac6.mcu.externaltools.arm-none.win32_1.15.0.201708311556/tools/compiler/bin/../lib/gcc/arm-none-eabi/6.3.1/thumb/v7e-m/fpv4-sp/hard\libgcc.a(_dvmd_tls.o)
                0x08000508                __aeabi_idiv0
                0x08000508                __aeabi_ldiv0
 *(.text*)
 .text._Z11ProcessTaskPv
                0x0800050c       0x18 CPP/Tasks.o
                0x0800050c                ProcessTask(void*)
 .text._Z9InitTasksv
                0x08000524       0x2c CPP/Tasks.o
                0x08000524                InitTasks()
 .text.HAL_Init
                0x08000550       0x34 Drivers/STM32F4xx_HAL_Driver/Src/stm32f4xx_hal.o
                0x08000550                HAL_Init
 .text.HAL_IncTick
                0x08000584       0x18 Drivers/STM32F4xx_HAL_Driver/Src/stm32f4xx_hal.o
                0x08000584                HAL_IncTick
 .text.HAL_GetTick
                0x0800059c        0xc Drivers/STM32F4xx_HAL_Driver/Src/stm32f4xx_hal.o
                0x0800059c                HAL_GetTick
 .text.HAL_NVIC_SetPriorityGrouping
                0x080005a8       0x24 Drivers/STM32F4xx_HAL_Driver/Src/stm32f4xx_hal_cortex.o
                0x080005a8                HAL_NVIC_SetPriorityGrouping
 .text.HAL_NVIC_SetPriority
                0x080005cc       0x64 Drivers/STM32F4xx_HAL_Driver/Src/stm32f4xx_hal_cortex.o
                0x080005cc                HAL_NVIC_SetPriority
 .text.HAL_NVIC_EnableIRQ
                0x08000630       0x1c Drivers/STM32F4xx_HAL_Driver/Src/stm32f4xx_hal_cortex.o
                0x08000630                HAL_NVIC_EnableIRQ
 .text.DMA_CalcBaseAndBitshift
                0x0800064c       0x3c Drivers/STM32F4xx_HAL_Driver/Src/stm32f4xx_hal_dma.o
 .text.DMA_CheckFifoParam
                0x08000688       0x8e Drivers/STM32F4xx_HAL_Driver/Src/stm32f4xx_hal_dma.o
 *fill*         0x08000716        0x2 
 .text.HAL_DMA_Init
                0x08000718       0xd0 Drivers/STM32F4xx_HAL_Driver/Src/stm32f4xx_hal_dma.o
                0x08000718                HAL_DMA_Init
 .text.HAL_DMA_IRQHandler
                0x080007e8      0x1dc Drivers/STM32F4xx_HAL_Driver/Src/stm32f4xx_hal_dma.o
                0x080007e8                HAL_DMA_IRQHandler
 .text.HAL_GPIO_Init
                0x080009c4      0x1dc Drivers/STM32F4xx_HAL_Driver/Src/stm32f4xx_hal_gpio.o
                0x080009c4                HAL_GPIO_Init
 .text.HAL_GPIO_WritePin
                0x08000ba0        0xc Drivers/STM32F4xx_HAL_Driver/Src/stm32f4xx_hal_gpio.o
                0x08000ba0                HAL_GPIO_WritePin
 .text.HAL_GPIO_TogglePin
                0x08000bac       0x12 Drivers/STM32F4xx_HAL_Driver/Src/stm32f4xx_hal_gpio.o
                0x08000bac                HAL_GPIO_TogglePin
 *fill*         0x08000bbe        0x2 
 .text.HAL_RCC_OscConfig
                0x08000bc0      0x3ec Drivers/STM32F4xx_HAL_Driver/Src/stm32f4xx_hal_rcc.o
                0x08000bc0                HAL_RCC_OscConfig
 .text.HAL_RCC_EnableCSS
                0x08000fac        0xc Drivers/STM32F4xx_HAL_Driver/Src/stm32f4xx_hal_rcc.o
                0x08000fac                HAL_RCC_EnableCSS
 .text.HAL_RCC_GetSysClockFreq
                0x08000fb8       0xd4 Drivers/STM32F4xx_HAL_Driver/Src/stm32f4xx_hal_rcc.o
                0x08000fb8                HAL_RCC_GetSysClockFreq
 .text.HAL_RCC_ClockConfig
                0x0800108c      0x160 Drivers/STM32F4xx_HAL_Driver/Src/stm32f4xx_hal_rcc.o
                0x0800108c                HAL_RCC_ClockConfig
 .text.HAL_RCC_GetHCLKFreq
                0x080011ec        0xc Drivers/STM32F4xx_HAL_Driver/Src/stm32f4xx_hal_rcc.o
                0x080011ec                HAL_RCC_GetHCLKFreq
 .text.HAL_RCC_GetPCLK1Freq
                0x080011f8       0x20 Drivers/STM32F4xx_HAL_Driver/Src/stm32f4xx_hal_rcc.o
                0x080011f8                HAL_RCC_GetPCLK1Freq
 .text.HAL_RCC_GetPCLK2Freq
                0x08001218       0x20 Drivers/STM32F4xx_HAL_Driver/Src/stm32f4xx_hal_rcc.o
                0x08001218                HAL_RCC_GetPCLK2Freq
 .text.HAL_RCC_GetClockConfig
                0x08001238       0x3c Drivers/STM32F4xx_HAL_Driver/Src/stm32f4xx_hal_rcc.o
                0x08001238                HAL_RCC_GetClockConfig
 .text.HAL_RCC_CSSCallback
                0x08001274        0x2 Drivers/STM32F4xx_HAL_Driver/Src/stm32f4xx_hal_rcc.o
                0x08001274                HAL_RCC_CSSCallback
 *fill*         0x08001276        0x2 
 .text.HAL_RCC_NMI_IRQHandler
                0x08001278       0x24 Drivers/STM32F4xx_HAL_Driver/Src/stm32f4xx_hal_rcc.o
                0x08001278                HAL_RCC_NMI_IRQHandler
 .text.HAL_TIM_Base_MspInit
                0x0800129c        0x2 Drivers/STM32F4xx_HAL_Driver/Src/stm32f4xx_hal_tim.o
                0x0800129c                HAL_TIM_Base_MspInit
 .text.HAL_TIM_Base_Start_IT
                0x0800129e       0x22 Drivers/STM32F4xx_HAL_Driver/Src/stm32f4xx_hal_tim.o
                0x0800129e                HAL_TIM_Base_Start_IT
 .text.HAL_TIM_OC_DelayElapsedCallback
                0x080012c0        0x2 Drivers/STM32F4xx_HAL_Driver/Src/stm32f4xx_hal_tim.o
                0x080012c0                HAL_TIM_OC_DelayElapsedCallback
 .text.HAL_TIM_IC_CaptureCallback
                0x080012c2        0x2 Drivers/STM32F4xx_HAL_Driver/Src/stm32f4xx_hal_tim.o
                0x080012c2                HAL_TIM_IC_CaptureCallback
 .text.HAL_TIM_PWM_PulseFinishedCallback
                0x080012c4        0x2 Drivers/STM32F4xx_HAL_Driver/Src/stm32f4xx_hal_tim.o
                0x080012c4                HAL_TIM_PWM_PulseFinishedCallback
 .text.HAL_TIM_TriggerCallback
                0x080012c6        0x2 Drivers/STM32F4xx_HAL_Driver/Src/stm32f4xx_hal_tim.o
                0x080012c6                HAL_TIM_TriggerCallback
 .text.HAL_TIM_IRQHandler
                0x080012c8      0x17a Drivers/STM32F4xx_HAL_Driver/Src/stm32f4xx_hal_tim.o
                0x080012c8                HAL_TIM_IRQHandler
 *fill*         0x08001442        0x2 
 .text.TIM_Base_SetConfig
                0x08001444       0xcc Drivers/STM32F4xx_HAL_Driver/Src/stm32f4xx_hal_tim.o
                0x08001444                TIM_Base_SetConfig
 .text.HAL_TIM_Base_Init
                0x08001510       0x32 Drivers/STM32F4xx_HAL_Driver/Src/stm32f4xx_hal_tim.o
                0x08001510                HAL_TIM_Base_Init
 .text.HAL_TIMEx_CommutCallback
                0x08001542        0x2 Drivers/STM32F4xx_HAL_Driver/Src/stm32f4xx_hal_tim_ex.o
                0x08001542                HAL_TIMEx_CommutCallback
 .text.HAL_TIMEx_BreakCallback
                0x08001544        0x2 Drivers/STM32F4xx_HAL_Driver/Src/stm32f4xx_hal_tim_ex.o
                0x08001544                HAL_TIMEx_BreakCallback
 *fill*         0x08001546        0x2 
 .text.UART_SetConfig
                0x08001548      0x1d4 Drivers/STM32F4xx_HAL_Driver/Src/stm32f4xx_hal_uart.o
 .text.HAL_UART_Init
                0x0800171c       0x5e Drivers/STM32F4xx_HAL_Driver/Src/stm32f4xx_hal_uart.o
                0x0800171c                HAL_UART_Init
 .text.makeFreeRtosPriority
                0x0800177a        0xc Middlewares/Third_Party/FreeRTOS/Source/CMSIS_RTOS/cmsis_os.o
 .text.osKernelStart
                0x08001786        0xa Middlewares/Third_Party/FreeRTOS/Source/CMSIS_RTOS/cmsis_os.o
                0x08001786                osKernelStart
 .text.osThreadCreate
                0x08001790       0x6a Middlewares/Third_Party/FreeRTOS/Source/CMSIS_RTOS/cmsis_os.o
                0x08001790                osThreadCreate
 .text.vListInitialise
                0x080017fa       0x16 Middlewares/Third_Party/FreeRTOS/Source/list.o
                0x080017fa                vListInitialise
 .text.vListInitialiseItem
                0x08001810        0x6 Middlewares/Third_Party/FreeRTOS/Source/list.o
                0x08001810                vListInitialiseItem
 .text.vListInsertEnd
                0x08001816       0x18 Middlewares/Third_Party/FreeRTOS/Source/list.o
                0x08001816                vListInsertEnd
 .text.vListInsert
                0x0800182e       0x34 Middlewares/Third_Party/FreeRTOS/Source/list.o
                0x0800182e                vListInsert
 .text.uxListRemove
                0x08001862       0x28 Middlewares/Third_Party/FreeRTOS/Source/list.o
                0x08001862                uxListRemove
 *fill*         0x0800188a        0x2 
 .text.prvResetNextTaskUnblockTime
                0x0800188c       0x24 Middlewares/Third_Party/FreeRTOS/Source/tasks.o
 .text.prvInitialiseNewTask
                0x080018b0       0x8c Middlewares/Third_Party/FreeRTOS/Source/tasks.o
 .text.prvInitialiseTaskLists
                0x0800193c       0x58 Middlewares/Third_Party/FreeRTOS/Source/tasks.o
 .text.prvAddNewTaskToReadyList
                0x08001994       0xac Middlewares/Third_Party/FreeRTOS/Source/tasks.o
 .text.prvDeleteTCB
                0x08001a40       0x3a Middlewares/Third_Party/FreeRTOS/Source/tasks.o
 *fill*         0x08001a7a        0x2 
 .text.prvCheckTasksWaitingTermination
                0x08001a7c       0x44 Middlewares/Third_Party/FreeRTOS/Source/tasks.o
 .text.prvIdleTask
                0x08001ac0       0x28 Middlewares/Third_Party/FreeRTOS/Source/tasks.o
 .text.prvAddCurrentTaskToDelayedList
                0x08001ae8       0x88 Middlewares/Third_Party/FreeRTOS/Source/tasks.o
 .text.xTaskCreateStatic
                0x08001b70       0x74 Middlewares/Third_Party/FreeRTOS/Source/tasks.o
                0x08001b70                xTaskCreateStatic
 .text.xTaskCreate
                0x08001be4       0x66 Middlewares/Third_Party/FreeRTOS/Source/tasks.o
                0x08001be4                xTaskCreate
 *fill*         0x08001c4a        0x2 
 .text.vTaskDelete
                0x08001c4c       0xdc Middlewares/Third_Party/FreeRTOS/Source/tasks.o
                0x08001c4c                vTaskDelete
 .text.vTaskStartScheduler
                0x08001d28       0x70 Middlewares/Third_Party/FreeRTOS/Source/tasks.o
                0x08001d28                vTaskStartScheduler
 .text.vTaskSuspendAll
                0x08001d98       0x14 Middlewares/Third_Party/FreeRTOS/Source/tasks.o
                0x08001d98                vTaskSuspendAll
 .text.xTaskIncrementTick
                0x08001dac      0x10c Middlewares/Third_Party/FreeRTOS/Source/tasks.o
                0x08001dac                xTaskIncrementTick
 .text.xTaskResumeAll
                0x08001eb8       0xf4 Middlewares/Third_Party/FreeRTOS/Source/tasks.o
                0x08001eb8                xTaskResumeAll
 .text.vTaskDelay
                0x08001fac       0x50 Middlewares/Third_Party/FreeRTOS/Source/tasks.o
                0x08001fac                vTaskDelay
 .text.vTaskSwitchContext
                0x08001ffc       0x90 Middlewares/Third_Party/FreeRTOS/Source/tasks.o
                0x08001ffc                vTaskSwitchContext
 .text.prvTaskExitError
                0x0800208c       0x40 Middlewares/Third_Party/FreeRTOS/Source/portable/GCC/ARM_CM4F/port.o
 .text.prvPortStartFirstTask
                0x080020cc       0x28 Middlewares/Third_Party/FreeRTOS/Source/portable/GCC/ARM_CM4F/port.o
 .text.vPortEnableVFP
                0x080020f4       0x14 Middlewares/Third_Party/FreeRTOS/Source/portable/GCC/ARM_CM4F/port.o
 .text.pxPortInitialiseStack
                0x08002108       0x2c Middlewares/Third_Party/FreeRTOS/Source/portable/GCC/ARM_CM4F/port.o
                0x08002108                pxPortInitialiseStack
 *fill*         0x08002134        0xc 
 .text.SVC_Handler
                0x08002140       0x24 Middlewares/Third_Party/FreeRTOS/Source/portable/GCC/ARM_CM4F/port.o
                0x08002140                SVC_Handler
 .text.vPortEnterCritical
                0x08002164       0x44 Middlewares/Third_Party/FreeRTOS/Source/portable/GCC/ARM_CM4F/port.o
                0x08002164                vPortEnterCritical
 .text.vPortExitCritical
                0x080021a8       0x2c Middlewares/Third_Party/FreeRTOS/Source/portable/GCC/ARM_CM4F/port.o
                0x080021a8                vPortExitCritical
 *fill*         0x080021d4        0xc 
 .text.PendSV_Handler
                0x080021e0       0x64 Middlewares/Third_Party/FreeRTOS/Source/portable/GCC/ARM_CM4F/port.o
                0x080021e0                PendSV_Handler
 .text.SysTick_Handler
                0x08002244       0x2c Middlewares/Third_Party/FreeRTOS/Source/portable/GCC/ARM_CM4F/port.o
                0x08002244                SysTick_Handler
 .text.vPortSetupTimerInterrupt
                0x08002270       0x38 Middlewares/Third_Party/FreeRTOS/Source/portable/GCC/ARM_CM4F/port.o
                0x08002270                vPortSetupTimerInterrupt
 .text.xPortStartScheduler
                0x080022a8      0x108 Middlewares/Third_Party/FreeRTOS/Source/portable/GCC/ARM_CM4F/port.o
                0x080022a8                xPortStartScheduler
 .text.prvHeapInit
                0x080023b0       0x58 Middlewares/Third_Party/FreeRTOS/Source/portable/MemMang/heap_4.o
 .text.prvInsertBlockIntoFreeList
                0x08002408       0x58 Middlewares/Third_Party/FreeRTOS/Source/portable/MemMang/heap_4.o
 .text.pvPortMalloc
                0x08002460      0x10c Middlewares/Third_Party/FreeRTOS/Source/portable/MemMang/heap_4.o
                0x08002460                pvPortMalloc
 .text.vPortFree
                0x0800256c       0x70 Middlewares/Third_Party/FreeRTOS/Source/portable/MemMang/heap_4.o
                0x0800256c                vPortFree
 .text.vApplicationGetIdleTaskMemory
                0x080025dc       0x14 Src/freertos.o
                0x080025dc                vApplicationGetIdleTaskMemory
 .text._ZL12MX_GPIO_Initv
                0x080025f0       0xbc Src/main.o
 .text._ZL11MX_DMA_Initv
                0x080026ac       0x34 Src/main.o
 .text._ZL19MX_USART2_UART_Initv
                0x080026e0       0x2c Src/main.o
 .text._Z16StartDefaultTaskPKv
                0x0800270c        0xe Src/main.o
                0x0800270c                StartDefaultTask(void const*)
 *fill*         0x0800271a        0x2 
 .text._Z18SystemClock_Configv
                0x0800271c       0x94 Src/main.o
                0x0800271c                SystemClock_Config()
 .text.main     0x080027b0       0x44 Src/main.o
                0x080027b0                main
 .text.HAL_TIM_PeriodElapsedCallback
                0x080027f4       0x18 Src/main.o
                0x080027f4                HAL_TIM_PeriodElapsedCallback
 .text.Error_Handler
                0x0800280c        0x2 Src/main.o
                0x0800280c                Error_Handler
 *fill*         0x0800280e        0x2 
 .text.HAL_MspInit
                0x08002810       0x44 Src/stm32f4xx_hal_msp.o
                0x08002810                HAL_MspInit
 .text.HAL_UART_MspInit
                0x08002854       0xa8 Src/stm32f4xx_hal_msp.o
                0x08002854                HAL_UART_MspInit
 .text.HAL_InitTick
                0x080028fc       0x7c Src/stm32f4xx_hal_timebase_tim.o
                0x080028fc                HAL_InitTick
 .text.NMI_Handler
                0x08002978        0x8 Src/stm32f4xx_it.o
                0x08002978                NMI_Handler
 .text.HardFault_Handler
                0x08002980        0x2 Src/stm32f4xx_it.o
                0x08002980                HardFault_Handler
 .text.MemManage_Handler
                0x08002982        0x2 Src/stm32f4xx_it.o
                0x08002982                MemManage_Handler
 .text.BusFault_Handler
                0x08002984        0x2 Src/stm32f4xx_it.o
                0x08002984                BusFault_Handler
 .text.UsageFault_Handler
                0x08002986        0x2 Src/stm32f4xx_it.o
                0x08002986                UsageFault_Handler
 .text.DebugMon_Handler
                0x08002988        0x2 Src/stm32f4xx_it.o
                0x08002988                DebugMon_Handler
 *fill*         0x0800298a        0x2 
 .text.DMA1_Stream5_IRQHandler
                0x0800298c       0x10 Src/stm32f4xx_it.o
                0x0800298c                DMA1_Stream5_IRQHandler
 .text.TIM8_TRG_COM_TIM14_IRQHandler
                0x0800299c       0x10 Src/stm32f4xx_it.o
                0x0800299c                TIM8_TRG_COM_TIM14_IRQHandler
 .text.SystemInit
                0x080029ac       0x1c Src/system_stm32f4xx.o
                0x080029ac                SystemInit
 .text.Reset_Handler
                0x080029c8       0x50 startup/startup_stm32f405xx.o
                0x080029c8                Reset_Handler
 .text.Default_Handler
                0x08002a18        0x2 startup/startup_stm32f405xx.o
                0x08002a18                RTC_Alarm_IRQHandler
                0x08002a18                HASH_RNG_IRQHandler
                0x08002a18                EXTI2_IRQHandler
                0x08002a18                TIM8_CC_IRQHandler
                0x08002a18                TIM1_CC_IRQHandler
                0x08002a18                DMA2_Stream5_IRQHandler
                0x08002a18                PVD_IRQHandler
                0x08002a18                SDIO_IRQHandler
                0x08002a18                TAMP_STAMP_IRQHandler
                0x08002a18                CAN2_RX1_IRQHandler
                0x08002a18                EXTI3_IRQHandler
                0x08002a18                TIM1_UP_TIM10_IRQHandler
                0x08002a18                TIM8_UP_TIM13_IRQHandler
                0x08002a18                I2C3_ER_IRQHandler
                0x08002a18                EXTI0_IRQHandler
                0x08002a18                I2C2_EV_IRQHandler
                0x08002a18                DMA1_Stream2_IRQHandler
                0x08002a18                CAN1_RX0_IRQHandler
                0x08002a18                FPU_IRQHandler
                0x08002a18                OTG_HS_WKUP_IRQHandler
                0x08002a18                CAN2_SCE_IRQHandler
                0x08002a18                DMA2_Stream2_IRQHandler
                0x08002a18                SPI1_IRQHandler
                0x08002a18                TIM6_DAC_IRQHandler
                0x08002a18                TIM1_BRK_TIM9_IRQHandler
                0x08002a18                CAN2_RX0_IRQHandler
                0x08002a18                DMA2_Stream3_IRQHandler
                0x08002a18                USART6_IRQHandler
                0x08002a18                USART3_IRQHandler
                0x08002a18                CAN1_RX1_IRQHandler
                0x08002a18                UART5_IRQHandler
                0x08002a18                DMA2_Stream0_IRQHandler
                0x08002a18                TIM4_IRQHandler
                0x08002a18                I2C1_EV_IRQHandler
                0x08002a18                DMA1_Stream6_IRQHandler
                0x08002a18                DMA1_Stream1_IRQHandler
                0x08002a18                UART4_IRQHandler
                0x08002a18                TIM3_IRQHandler
                0x08002a18                RCC_IRQHandler
                0x08002a18                TIM8_BRK_TIM12_IRQHandler
                0x08002a18                Default_Handler
                0x08002a18                EXTI15_10_IRQHandler
                0x08002a18                ADC_IRQHandler
                0x08002a18                DMA1_Stream7_IRQHandler
                0x08002a18                TIM7_IRQHandler
                0x08002a18                CAN2_TX_IRQHandler
                0x08002a18                TIM5_IRQHandler
                0x08002a18                DMA2_Stream7_IRQHandler
                0x08002a18                I2C3_EV_IRQHandler
                0x08002a18                EXTI9_5_IRQHandler
                0x08002a18                RTC_WKUP_IRQHandler
                0x08002a18                SPI2_IRQHandler
                0x08002a18                OTG_HS_EP1_IN_IRQHandler
                0x08002a18                DMA1_Stream0_IRQHandler
                0x08002a18                CAN1_TX_IRQHandler
                0x08002a18                EXTI4_IRQHandler
                0x08002a18                FSMC_IRQHandler
                0x08002a18                OTG_HS_EP1_OUT_IRQHandler
                0x08002a18                WWDG_IRQHandler
                0x08002a18                TIM2_IRQHandler
                0x08002a18                OTG_FS_WKUP_IRQHandler
                0x08002a18                TIM1_TRG_COM_TIM11_IRQHandler
                0x08002a18                OTG_HS_IRQHandler
                0x08002a18                EXTI1_IRQHandler
                0x08002a18                USART2_IRQHandler
                0x08002a18                I2C2_ER_IRQHandler
                0x08002a18                DMA2_Stream1_IRQHandler
                0x08002a18                CAN1_SCE_IRQHandler
                0x08002a18                FLASH_IRQHandler
                0x08002a18                DMA2_Stream4_IRQHandler
                0x08002a18                USART1_IRQHandler
                0x08002a18                OTG_FS_IRQHandler
                0x08002a18                SPI3_IRQHandler
                0x08002a18                DMA1_Stream4_IRQHandler
                0x08002a18                I2C1_ER_IRQHandler
                0x08002a18                DMA2_Stream6_IRQHandler
                0x08002a18                DMA1_Stream3_IRQHandler
 *fill*         0x08002a1a        0x2 
 .text.__libc_init_array
                0x08002a1c       0x48 d:/telepitett/systemworkbench/plugins/fr.ac6.mcu.externaltools.arm-none.win32_1.15.0.201708311556/tools/compiler/bin/../lib/gcc/arm-none-eabi/6.3.1/../../../../arm-none-eabi/lib/thumb/v7e-m/fpv4-sp/hard\libc_nano.a(lib_a-init.o)
                0x08002a1c                __libc_init_array
 .text.memset   0x08002a64       0x10 d:/telepitett/systemworkbench/plugins/fr.ac6.mcu.externaltools.arm-none.win32_1.15.0.201708311556/tools/compiler/bin/../lib/gcc/arm-none-eabi/6.3.1/../../../../arm-none-eabi/lib/thumb/v7e-m/fpv4-sp/hard\libc_nano.a(lib_a-memset.o)
                0x08002a64                memset
 *(.glue_7)
 .glue_7        0x08002a74        0x0 linker stubs
 *(.glue_7t)
 .glue_7t       0x08002a74        0x0 linker stubs
 *(.eh_frame)
 .eh_frame      0x08002a74        0x0 d:/telepitett/systemworkbench/plugins/fr.ac6.mcu.externaltools.arm-none.win32_1.15.0.201708311556/tools/compiler/bin/../lib/gcc/arm-none-eabi/6.3.1/thumb/v7e-m/fpv4-sp/hard/crtbegin.o
 *(.init)
 .init          0x08002a74        0x4 d:/telepitett/systemworkbench/plugins/fr.ac6.mcu.externaltools.arm-none.win32_1.15.0.201708311556/tools/compiler/bin/../lib/gcc/arm-none-eabi/6.3.1/thumb/v7e-m/fpv4-sp/hard/crti.o
                0x08002a74                _init
 .init          0x08002a78        0x8 d:/telepitett/systemworkbench/plugins/fr.ac6.mcu.externaltools.arm-none.win32_1.15.0.201708311556/tools/compiler/bin/../lib/gcc/arm-none-eabi/6.3.1/thumb/v7e-m/fpv4-sp/hard/crtn.o
 *(.fini)
 .fini          0x08002a80        0x4 d:/telepitett/systemworkbench/plugins/fr.ac6.mcu.externaltools.arm-none.win32_1.15.0.201708311556/tools/compiler/bin/../lib/gcc/arm-none-eabi/6.3.1/thumb/v7e-m/fpv4-sp/hard/crti.o
                0x08002a80                _fini
 .fini          0x08002a84        0x8 d:/telepitett/systemworkbench/plugins/fr.ac6.mcu.externaltools.arm-none.win32_1.15.0.201708311556/tools/compiler/bin/../lib/gcc/arm-none-eabi/6.3.1/thumb/v7e-m/fpv4-sp/hard/crtn.o
                0x08002a8c                . = ALIGN (0x4)
                0x08002a8c                _etext = .

.vfp11_veneer   0x08002a8c        0x0
 .vfp11_veneer  0x08002a8c        0x0 linker stubs

.v4_bx          0x08002a8c        0x0
 .v4_bx         0x08002a8c        0x0 linker stubs

.iplt           0x08002a8c        0x0
 .iplt          0x08002a8c        0x0 d:/telepitett/systemworkbench/plugins/fr.ac6.mcu.externaltools.arm-none.win32_1.15.0.201708311556/tools/compiler/bin/../lib/gcc/arm-none-eabi/6.3.1/thumb/v7e-m/fpv4-sp/hard/crtbegin.o

.rodata         0x08002a8c       0x58
                0x08002a8c                . = ALIGN (0x4)
 *(.rodata)
 .rodata        0x08002a8c        0x8 Drivers/STM32F4xx_HAL_Driver/Src/stm32f4xx_hal_dma.o
 .rodata        0x08002a94       0x1c Src/main.o
 .rodata        0x08002ab0       0x18 Src/system_stm32f4xx.o
                0x08002ab0                AHBPrescTable
                0x08002ac0                APBPrescTable
 *(.rodata*)
 .rodata.str1.4
                0x08002ac8        0x8 CPP/Tasks.o
 .rodata.str1.4
                0x08002ad0        0x5 Middlewares/Third_Party/FreeRTOS/Source/tasks.o
 *fill*         0x08002ad5        0x3 
 .rodata.str1.4
                0x08002ad8        0xc Src/main.o
                0x08002ae4                . = ALIGN (0x4)

.ARM.extab
 *(.ARM.extab* .gnu.linkonce.armextab.*)

.ARM            0x08002ae4        0x8
                0x08002ae4                __exidx_start = .
 *(.ARM.exidx*)
 .ARM.exidx     0x08002ae4        0x8 d:/telepitett/systemworkbench/plugins/fr.ac6.mcu.externaltools.arm-none.win32_1.15.0.201708311556/tools/compiler/bin/../lib/gcc/arm-none-eabi/6.3.1/thumb/v7e-m/fpv4-sp/hard\libgcc.a(_udivmoddi4.o)
                0x08002aec                __exidx_end = .

.rel.dyn        0x08002aec        0x0
 .rel.iplt      0x08002aec        0x0 d:/telepitett/systemworkbench/plugins/fr.ac6.mcu.externaltools.arm-none.win32_1.15.0.201708311556/tools/compiler/bin/../lib/gcc/arm-none-eabi/6.3.1/thumb/v7e-m/fpv4-sp/hard/crtbegin.o

.preinit_array  0x08002aec        0x0
                0x08002aec                PROVIDE (__preinit_array_start, .)
 *(.preinit_array*)
                0x08002aec                PROVIDE (__preinit_array_end, .)

.init_array     0x08002aec        0x4
                0x08002aec                PROVIDE (__init_array_start, .)
 *(SORT(.init_array.*))
 *(.init_array*)
 .init_array    0x08002aec        0x4 d:/telepitett/systemworkbench/plugins/fr.ac6.mcu.externaltools.arm-none.win32_1.15.0.201708311556/tools/compiler/bin/../lib/gcc/arm-none-eabi/6.3.1/thumb/v7e-m/fpv4-sp/hard/crtbegin.o
                0x08002af0                PROVIDE (__init_array_end, .)

.fini_array     0x08002af0        0x4
                [!provide]                PROVIDE (__fini_array_start, .)
 *(SORT(.fini_array.*))
 *(.fini_array*)
 .fini_array    0x08002af0        0x4 d:/telepitett/systemworkbench/plugins/fr.ac6.mcu.externaltools.arm-none.win32_1.15.0.201708311556/tools/compiler/bin/../lib/gcc/arm-none-eabi/6.3.1/thumb/v7e-m/fpv4-sp/hard/crtbegin.o
                [!provide]                PROVIDE (__fini_array_end, .)
                0x08002af4                _sidata = LOADADDR (.data)

.data           0x20000000       0x10 load address 0x08002af4
                0x20000000                . = ALIGN (0x4)
                0x20000000                _sdata = .
 *(.data)
 .data          0x20000000        0x8 Drivers/STM32F4xx_HAL_Driver/Src/stm32f4xx_hal.o
                0x20000000                uwTickFreq
                0x20000004                uwTickPrio
 .data          0x20000008        0x4 Middlewares/Third_Party/FreeRTOS/Source/portable/GCC/ARM_CM4F/port.o
 .data          0x2000000c        0x4 Src/system_stm32f4xx.o
                0x2000000c                SystemCoreClock
 *(.data*)
                0x20000010                . = ALIGN (0x4)
                0x20000010                _edata = .
                0x08002b04                _siccmram = LOADADDR (.ccmram)

.jcr            0x20000010        0x0 load address 0x08002b04
 .jcr           0x20000010        0x0 d:/telepitett/systemworkbench/plugins/fr.ac6.mcu.externaltools.arm-none.win32_1.15.0.201708311556/tools/compiler/bin/../lib/gcc/arm-none-eabi/6.3.1/thumb/v7e-m/fpv4-sp/hard/crtbegin.o

.igot.plt       0x20000010        0x0 load address 0x08002b04
 .igot.plt      0x20000010        0x0 d:/telepitett/systemworkbench/plugins/fr.ac6.mcu.externaltools.arm-none.win32_1.15.0.201708311556/tools/compiler/bin/../lib/gcc/arm-none-eabi/6.3.1/thumb/v7e-m/fpv4-sp/hard/crtbegin.o

.ccmram         0x10000000        0x0 load address 0x08002b04
                0x10000000                . = ALIGN (0x4)
                0x10000000                _sccmram = .
 *(.ccmram)
 *(.ccmram*)
                0x10000000                . = ALIGN (0x4)
                0x10000000                _eccmram = .
                0x10000000                . = ALIGN (0x4)

.bss            0x20000010     0x40a4
                0x20000010                _sbss = .
                0x20000010                __bss_start__ = _sbss
 *(.bss)
 .bss           0x20000010       0x1c d:/telepitett/systemworkbench/plugins/fr.ac6.mcu.externaltools.arm-none.win32_1.15.0.201708311556/tools/compiler/bin/../lib/gcc/arm-none-eabi/6.3.1/thumb/v7e-m/fpv4-sp/hard/crtbegin.o
 .bss           0x2000002c        0x4 CPP/Tasks.o
                0x2000002c                ProcessHandler
 .bss           0x20000030      0x128 Middlewares/Third_Party/FreeRTOS/Source/tasks.o
                0x20000130                pxCurrentTCB
 .bss           0x20000158        0x8 Middlewares/Third_Party/FreeRTOS/Source/portable/GCC/ARM_CM4F/port.o
 .bss           0x20000160     0x3c18 Middlewares/Third_Party/FreeRTOS/Source/portable/MemMang/heap_4.o
 .bss           0x20003d78      0x254 Src/freertos.o
 .bss           0x20003fcc       0xa4 Src/main.o
                0x20003fcc                huart2
                0x2000400c                defaultTaskHandle
                0x20004010                hdma_usart2_rx
 *(.bss*)
 *(COMMON)
 COMMON         0x20004070        0x4 Drivers/STM32F4xx_HAL_Driver/Src/stm32f4xx_hal.o
                0x20004070                uwTick
 COMMON         0x20004074       0x40 Src/stm32f4xx_hal_timebase_tim.o
                0x20004074                htim14
                0x200040b4                . = ALIGN (0x4)
                0x200040b4                _ebss = .
                0x200040b4                __bss_end__ = _ebss

._user_heap_stack
                0x200040b4      0x604
                0x200040b8                . = ALIGN (0x8)
 *fill*         0x200040b4        0x4 
                0x200040b8                PROVIDE (end, .)
                [!provide]                PROVIDE (_end, .)
                0x200042b8                . = (. + _Min_Heap_Size)
 *fill*         0x200040b8      0x200 
                0x200046b8                . = (. + _Min_Stack_Size)
 *fill*         0x200042b8      0x400 
                0x200046b8                . = ALIGN (0x8)

/DISCARD/
 libc.a(*)
 libm.a(*)
 libgcc.a(*)

.ARM.attributes
                0x00000000       0x30
 *(.ARM.attributes)
 .ARM.attributes
                0x00000000       0x22 d:/telepitett/systemworkbench/plugins/fr.ac6.mcu.externaltools.arm-none.win32_1.15.0.201708311556/tools/compiler/bin/../lib/gcc/arm-none-eabi/6.3.1/thumb/v7e-m/fpv4-sp/hard/crti.o
 .ARM.attributes
                0x00000022       0x34 d:/telepitett/systemworkbench/plugins/fr.ac6.mcu.externaltools.arm-none.win32_1.15.0.201708311556/tools/compiler/bin/../lib/gcc/arm-none-eabi/6.3.1/thumb/v7e-m/fpv4-sp/hard/crtbegin.o
 .ARM.attributes
                0x00000056       0x39 CPP/Tasks.o
 .ARM.attributes
                0x0000008f       0x39 Drivers/STM32F4xx_HAL_Driver/Src/stm32f4xx_hal.o
 .ARM.attributes
                0x000000c8       0x39 Drivers/STM32F4xx_HAL_Driver/Src/stm32f4xx_hal_cortex.o
 .ARM.attributes
                0x00000101       0x39 Drivers/STM32F4xx_HAL_Driver/Src/stm32f4xx_hal_dma.o
 .ARM.attributes
                0x0000013a       0x39 Drivers/STM32F4xx_HAL_Driver/Src/stm32f4xx_hal_gpio.o
 .ARM.attributes
                0x00000173       0x39 Drivers/STM32F4xx_HAL_Driver/Src/stm32f4xx_hal_rcc.o
 .ARM.attributes
                0x000001ac       0x39 Drivers/STM32F4xx_HAL_Driver/Src/stm32f4xx_hal_tim.o
 .ARM.attributes
                0x000001e5       0x39 Drivers/STM32F4xx_HAL_Driver/Src/stm32f4xx_hal_tim_ex.o
 .ARM.attributes
                0x0000021e       0x39 Drivers/STM32F4xx_HAL_Driver/Src/stm32f4xx_hal_uart.o
 .ARM.attributes
                0x00000257       0x39 Middlewares/Third_Party/FreeRTOS/Source/CMSIS_RTOS/cmsis_os.o
 .ARM.attributes
                0x00000290       0x39 Middlewares/Third_Party/FreeRTOS/Source/list.o
 .ARM.attributes
                0x000002c9       0x39 Middlewares/Third_Party/FreeRTOS/Source/tasks.o
 .ARM.attributes
                0x00000302       0x39 Middlewares/Third_Party/FreeRTOS/Source/portable/GCC/ARM_CM4F/port.o
 .ARM.attributes
                0x0000033b       0x39 Middlewares/Third_Party/FreeRTOS/Source/portable/MemMang/heap_4.o
 .ARM.attributes
                0x00000374       0x39 Src/freertos.o
 .ARM.attributes
                0x000003ad       0x39 Src/main.o
 .ARM.attributes
                0x000003e6       0x39 Src/stm32f4xx_hal_msp.o
 .ARM.attributes
                0x0000041f       0x39 Src/stm32f4xx_hal_timebase_tim.o
 .ARM.attributes
                0x00000458       0x39 Src/stm32f4xx_it.o
 .ARM.attributes
                0x00000491       0x39 Src/system_stm32f4xx.o
 .ARM.attributes
                0x000004ca       0x21 startup/startup_stm32f405xx.o
 .ARM.attributes
                0x000004eb       0x22 d:/telepitett/systemworkbench/plugins/fr.ac6.mcu.externaltools.arm-none.win32_1.15.0.201708311556/tools/compiler/bin/../lib/gcc/arm-none-eabi/6.3.1/thumb/v7e-m/fpv4-sp/hard\libgcc.a(_aeabi_uldivmod.o)
 .ARM.attributes
                0x0000050d       0x34 d:/telepitett/systemworkbench/plugins/fr.ac6.mcu.externaltools.arm-none.win32_1.15.0.201708311556/tools/compiler/bin/../lib/gcc/arm-none-eabi/6.3.1/thumb/v7e-m/fpv4-sp/hard\libgcc.a(_udivmoddi4.o)
 .ARM.attributes
                0x00000541       0x22 d:/telepitett/systemworkbench/plugins/fr.ac6.mcu.externaltools.arm-none.win32_1.15.0.201708311556/tools/compiler/bin/../lib/gcc/arm-none-eabi/6.3.1/thumb/v7e-m/fpv4-sp/hard\libgcc.a(_dvmd_tls.o)
 .ARM.attributes
                0x00000563       0x34 d:/telepitett/systemworkbench/plugins/fr.ac6.mcu.externaltools.arm-none.win32_1.15.0.201708311556/tools/compiler/bin/../lib/gcc/arm-none-eabi/6.3.1/../../../../arm-none-eabi/lib/thumb/v7e-m/fpv4-sp/hard\libc_nano.a(lib_a-init.o)
 .ARM.attributes
                0x00000597       0x34 d:/telepitett/systemworkbench/plugins/fr.ac6.mcu.externaltools.arm-none.win32_1.15.0.201708311556/tools/compiler/bin/../lib/gcc/arm-none-eabi/6.3.1/../../../../arm-none-eabi/lib/thumb/v7e-m/fpv4-sp/hard\libc_nano.a(lib_a-memset.o)
 .ARM.attributes
                0x000005cb       0x22 d:/telepitett/systemworkbench/plugins/fr.ac6.mcu.externaltools.arm-none.win32_1.15.0.201708311556/tools/compiler/bin/../lib/gcc/arm-none-eabi/6.3.1/thumb/v7e-m/fpv4-sp/hard/crtn.o
OUTPUT(dipterv.elf elf32-littlearm)

.debug_info     0x00000000    0x147ea
 .debug_info    0x00000000      0x3d3 CPP/Tasks.o
 .debug_info    0x000003d3      0x9e2 Drivers/STM32F4xx_HAL_Driver/Src/stm32f4xx_hal.o
 .debug_info    0x00000db5      0xf7e Drivers/STM32F4xx_HAL_Driver/Src/stm32f4xx_hal_cortex.o
 .debug_info    0x00001d33      0xaad Drivers/STM32F4xx_HAL_Driver/Src/stm32f4xx_hal_dma.o
 .debug_info    0x000027e0      0x7c5 Drivers/STM32F4xx_HAL_Driver/Src/stm32f4xx_hal_gpio.o
 .debug_info    0x00002fa5      0xa97 Drivers/STM32F4xx_HAL_Driver/Src/stm32f4xx_hal_rcc.o
 .debug_info    0x00003a3c     0x31da Drivers/STM32F4xx_HAL_Driver/Src/stm32f4xx_hal_tim.o
 .debug_info    0x00006c16     0x14eb Drivers/STM32F4xx_HAL_Driver/Src/stm32f4xx_hal_tim_ex.o
 .debug_info    0x00008101     0x171f Drivers/STM32F4xx_HAL_Driver/Src/stm32f4xx_hal_uart.o
 .debug_info    0x00009820     0x2748 Middlewares/Third_Party/FreeRTOS/Source/CMSIS_RTOS/cmsis_os.o
 .debug_info    0x0000bf68      0xadf Middlewares/Third_Party/FreeRTOS/Source/list.o
 .debug_info    0x0000ca47     0x2d54 Middlewares/Third_Party/FreeRTOS/Source/tasks.o
 .debug_info    0x0000f79b      0x576 Middlewares/Third_Party/FreeRTOS/Source/portable/GCC/ARM_CM4F/port.o
 .debug_info    0x0000fd11      0xc78 Middlewares/Third_Party/FreeRTOS/Source/portable/MemMang/heap_4.o
 .debug_info    0x00010989      0x347 Src/freertos.o
 .debug_info    0x00010cd0     0x15e6 Src/main.o
 .debug_info    0x000122b6      0xc46 Src/stm32f4xx_hal_msp.o
 .debug_info    0x00012efc      0xbef Src/stm32f4xx_hal_timebase_tim.o
 .debug_info    0x00013aeb      0x72b Src/stm32f4xx_it.o
 .debug_info    0x00014216      0x55f Src/system_stm32f4xx.o
 .debug_info    0x00014775       0x75 startup/startup_stm32f405xx.o

.debug_abbrev   0x00000000     0x2d51
 .debug_abbrev  0x00000000      0x186 CPP/Tasks.o
 .debug_abbrev  0x00000186      0x1eb Drivers/STM32F4xx_HAL_Driver/Src/stm32f4xx_hal.o
 .debug_abbrev  0x00000371      0x326 Drivers/STM32F4xx_HAL_Driver/Src/stm32f4xx_hal_cortex.o
 .debug_abbrev  0x00000697      0x28e Drivers/STM32F4xx_HAL_Driver/Src/stm32f4xx_hal_dma.o
 .debug_abbrev  0x00000925      0x1e5 Drivers/STM32F4xx_HAL_Driver/Src/stm32f4xx_hal_gpio.o
 .debug_abbrev  0x00000b0a      0x271 Drivers/STM32F4xx_HAL_Driver/Src/stm32f4xx_hal_rcc.o
 .debug_abbrev  0x00000d7b      0x222 Drivers/STM32F4xx_HAL_Driver/Src/stm32f4xx_hal_tim.o
 .debug_abbrev  0x00000f9d      0x233 Drivers/STM32F4xx_HAL_Driver/Src/stm32f4xx_hal_tim_ex.o
 .debug_abbrev  0x000011d0      0x286 Drivers/STM32F4xx_HAL_Driver/Src/stm32f4xx_hal_uart.o
 .debug_abbrev  0x00001456      0x3c1 Middlewares/Third_Party/FreeRTOS/Source/CMSIS_RTOS/cmsis_os.o
 .debug_abbrev  0x00001817      0x223 Middlewares/Third_Party/FreeRTOS/Source/list.o
 .debug_abbrev  0x00001a3a      0x3af Middlewares/Third_Party/FreeRTOS/Source/tasks.o
 .debug_abbrev  0x00001de9      0x23d Middlewares/Third_Party/FreeRTOS/Source/portable/GCC/ARM_CM4F/port.o
 .debug_abbrev  0x00002026      0x318 Middlewares/Third_Party/FreeRTOS/Source/portable/MemMang/heap_4.o
 .debug_abbrev  0x0000233e      0x107 Src/freertos.o
 .debug_abbrev  0x00002445      0x2ae Src/main.o
 .debug_abbrev  0x000026f3      0x1c3 Src/stm32f4xx_hal_msp.o
 .debug_abbrev  0x000028b6      0x1ec Src/stm32f4xx_hal_timebase_tim.o
 .debug_abbrev  0x00002aa2      0x174 Src/stm32f4xx_it.o
 .debug_abbrev  0x00002c16      0x129 Src/system_stm32f4xx.o
 .debug_abbrev  0x00002d3f       0x12 startup/startup_stm32f405xx.o

.debug_loc      0x00000000     0xa92e
 .debug_loc     0x00000000       0x21 CPP/Tasks.o
 .debug_loc     0x00000021      0x10d Drivers/STM32F4xx_HAL_Driver/Src/stm32f4xx_hal.o
 .debug_loc     0x0000012e      0x616 Drivers/STM32F4xx_HAL_Driver/Src/stm32f4xx_hal_cortex.o
 .debug_loc     0x00000744      0xae1 Drivers/STM32F4xx_HAL_Driver/Src/stm32f4xx_hal_dma.o
 .debug_loc     0x00001225      0x42a Drivers/STM32F4xx_HAL_Driver/Src/stm32f4xx_hal_gpio.o
 .debug_loc     0x0000164f      0x404 Drivers/STM32F4xx_HAL_Driver/Src/stm32f4xx_hal_rcc.o
 .debug_loc     0x00001a53     0x382f Drivers/STM32F4xx_HAL_Driver/Src/stm32f4xx_hal_tim.o
 .debug_loc     0x00005282     0x11fc Drivers/STM32F4xx_HAL_Driver/Src/stm32f4xx_hal_tim_ex.o
 .debug_loc     0x0000647e     0x15a5 Drivers/STM32F4xx_HAL_Driver/Src/stm32f4xx_hal_uart.o
 .debug_loc     0x00007a23     0x106c Middlewares/Third_Party/FreeRTOS/Source/CMSIS_RTOS/cmsis_os.o
 .debug_loc     0x00008a8f       0x70 Middlewares/Third_Party/FreeRTOS/Source/list.o
 .debug_loc     0x00008aff     0x185c Middlewares/Third_Party/FreeRTOS/Source/tasks.o
 .debug_loc     0x0000a35b       0xdc Middlewares/Third_Party/FreeRTOS/Source/portable/GCC/ARM_CM4F/port.o
 .debug_loc     0x0000a437      0x291 Middlewares/Third_Party/FreeRTOS/Source/portable/MemMang/heap_4.o
 .debug_loc     0x0000a6c8       0x5b Src/main.o
 .debug_loc     0x0000a723       0x63 Src/stm32f4xx_hal_msp.o
 .debug_loc     0x0000a786       0x6a Src/stm32f4xx_hal_timebase_tim.o
 .debug_loc     0x0000a7f0      0x13e Src/system_stm32f4xx.o

.debug_aranges  0x00000000     0x1008
 .debug_aranges
                0x00000000       0x28 CPP/Tasks.o
 .debug_aranges
                0x00000028       0xf0 Drivers/STM32F4xx_HAL_Driver/Src/stm32f4xx_hal.o
 .debug_aranges
                0x00000118       0xa8 Drivers/STM32F4xx_HAL_Driver/Src/stm32f4xx_hal_cortex.o
 .debug_aranges
                0x000001c0       0x90 Drivers/STM32F4xx_HAL_Driver/Src/stm32f4xx_hal_dma.o
 .debug_aranges
                0x00000250       0x58 Drivers/STM32F4xx_HAL_Driver/Src/stm32f4xx_hal_gpio.o
 .debug_aranges
                0x000002a8       0x88 Drivers/STM32F4xx_HAL_Driver/Src/stm32f4xx_hal_rcc.o
 .debug_aranges
                0x00000330      0x3a8 Drivers/STM32F4xx_HAL_Driver/Src/stm32f4xx_hal_tim.o
 .debug_aranges
                0x000006d8      0x150 Drivers/STM32F4xx_HAL_Driver/Src/stm32f4xx_hal_tim_ex.o
 .debug_aranges
                0x00000828      0x1d0 Drivers/STM32F4xx_HAL_Driver/Src/stm32f4xx_hal_uart.o
 .debug_aranges
                0x000009f8      0x1d8 Middlewares/Third_Party/FreeRTOS/Source/CMSIS_RTOS/cmsis_os.o
 .debug_aranges
                0x00000bd0       0x40 Middlewares/Third_Party/FreeRTOS/Source/list.o
 .debug_aranges
                0x00000c10      0x1a8 Middlewares/Third_Party/FreeRTOS/Source/tasks.o
 .debug_aranges
                0x00000db8       0x80 Middlewares/Third_Party/FreeRTOS/Source/portable/GCC/ARM_CM4F/port.o
 .debug_aranges
                0x00000e38       0x50 Middlewares/Third_Party/FreeRTOS/Source/portable/MemMang/heap_4.o
 .debug_aranges
                0x00000e88       0x20 Src/freertos.o
 .debug_aranges
                0x00000ea8       0x58 Src/main.o
 .debug_aranges
                0x00000f00       0x30 Src/stm32f4xx_hal_msp.o
 .debug_aranges
                0x00000f30       0x30 Src/stm32f4xx_hal_timebase_tim.o
 .debug_aranges
                0x00000f60       0x58 Src/stm32f4xx_it.o
 .debug_aranges
                0x00000fb8       0x28 Src/system_stm32f4xx.o
 .debug_aranges
                0x00000fe0       0x28 startup/startup_stm32f405xx.o

.debug_ranges   0x00000000      0xfe8
 .debug_ranges  0x00000000       0x18 CPP/Tasks.o
 .debug_ranges  0x00000018       0xe0 Drivers/STM32F4xx_HAL_Driver/Src/stm32f4xx_hal.o
 .debug_ranges  0x000000f8       0xf8 Drivers/STM32F4xx_HAL_Driver/Src/stm32f4xx_hal_cortex.o
 .debug_ranges  0x000001f0       0x80 Drivers/STM32F4xx_HAL_Driver/Src/stm32f4xx_hal_dma.o
 .debug_ranges  0x00000270       0x48 Drivers/STM32F4xx_HAL_Driver/Src/stm32f4xx_hal_gpio.o
 .debug_ranges  0x000002b8       0x90 Drivers/STM32F4xx_HAL_Driver/Src/stm32f4xx_hal_rcc.o
 .debug_ranges  0x00000348      0x398 Drivers/STM32F4xx_HAL_Driver/Src/stm32f4xx_hal_tim.o
 .debug_ranges  0x000006e0      0x140 Drivers/STM32F4xx_HAL_Driver/Src/stm32f4xx_hal_tim_ex.o
 .debug_ranges  0x00000820      0x1c0 Drivers/STM32F4xx_HAL_Driver/Src/stm32f4xx_hal_uart.o
 .debug_ranges  0x000009e0      0x1c8 Middlewares/Third_Party/FreeRTOS/Source/CMSIS_RTOS/cmsis_os.o
 .debug_ranges  0x00000ba8       0x30 Middlewares/Third_Party/FreeRTOS/Source/list.o
 .debug_ranges  0x00000bd8      0x248 Middlewares/Third_Party/FreeRTOS/Source/tasks.o
 .debug_ranges  0x00000e20       0x70 Middlewares/Third_Party/FreeRTOS/Source/portable/GCC/ARM_CM4F/port.o
 .debug_ranges  0x00000e90       0x40 Middlewares/Third_Party/FreeRTOS/Source/portable/MemMang/heap_4.o
 .debug_ranges  0x00000ed0       0x10 Src/freertos.o
 .debug_ranges  0x00000ee0       0x48 Src/main.o
 .debug_ranges  0x00000f28       0x20 Src/stm32f4xx_hal_msp.o
 .debug_ranges  0x00000f48       0x20 Src/stm32f4xx_hal_timebase_tim.o
 .debug_ranges  0x00000f68       0x48 Src/stm32f4xx_it.o
 .debug_ranges  0x00000fb0       0x18 Src/system_stm32f4xx.o
 .debug_ranges  0x00000fc8       0x20 startup/startup_stm32f405xx.o

.debug_macro    0x00000000     0x5595
 .debug_macro   0x00000000      0x29f CPP/Tasks.o
 .debug_macro   0x0000029f       0x40 CPP/Tasks.o
 .debug_macro   0x000002df       0xea CPP/Tasks.o
 .debug_macro   0x000003c9      0x15a CPP/Tasks.o
 .debug_macro   0x00000523       0xde CPP/Tasks.o
 .debug_macro   0x00000601       0x1c CPP/Tasks.o
 .debug_macro   0x0000061d       0x26 CPP/Tasks.o
 .debug_macro   0x00000643      0x4e8 CPP/Tasks.o
 .debug_macro   0x00000b2b       0xb5 CPP/Tasks.o
 .debug_macro   0x00000be0       0xaa CPP/Tasks.o
 .debug_macro   0x00000c8a       0x91 CPP/Tasks.o
 .debug_macro   0x00000d1b       0x8d CPP/Tasks.o
 .debug_macro   0x00000da8       0x7e CPP/Tasks.o
 .debug_macro   0x00000e26       0x19 CPP/Tasks.o
 .debug_macro   0x00000e3f       0xf2 CPP/Tasks.o
 .debug_macro   0x00000f31      0x22e Drivers/STM32F4xx_HAL_Driver/Src/stm32f4xx_hal.o
 .debug_macro   0x0000115f      0x8b0 Drivers/STM32F4xx_HAL_Driver/Src/stm32f4xx_hal.o
 .debug_macro   0x00001a0f     0x102d Drivers/STM32F4xx_HAL_Driver/Src/stm32f4xx_hal.o
 .debug_macro   0x00002a3c      0x174 Drivers/STM32F4xx_HAL_Driver/Src/stm32f4xx_hal.o
 .debug_macro   0x00002bb0      0x1ce Drivers/STM32F4xx_HAL_Driver/Src/stm32f4xx_hal_cortex.o
 .debug_macro   0x00002d7e      0x1d4 Drivers/STM32F4xx_HAL_Driver/Src/stm32f4xx_hal_dma.o
 .debug_macro   0x00002f52      0x204 Drivers/STM32F4xx_HAL_Driver/Src/stm32f4xx_hal_gpio.o
 .debug_macro   0x00003156      0x1f2 Drivers/STM32F4xx_HAL_Driver/Src/stm32f4xx_hal_rcc.o
 .debug_macro   0x00003348      0x1cf Drivers/STM32F4xx_HAL_Driver/Src/stm32f4xx_hal_tim.o
 .debug_macro   0x00003517      0x1ce Drivers/STM32F4xx_HAL_Driver/Src/stm32f4xx_hal_tim_ex.o
 .debug_macro   0x000036e5      0x1cf Drivers/STM32F4xx_HAL_Driver/Src/stm32f4xx_hal_uart.o
 .debug_macro   0x000038b4      0x1e3 Middlewares/Third_Party/FreeRTOS/Source/CMSIS_RTOS/cmsis_os.o
 .debug_macro   0x00003a97       0x52 Middlewares/Third_Party/FreeRTOS/Source/CMSIS_RTOS/cmsis_os.o
 .debug_macro   0x00003ae9       0x8d Middlewares/Third_Party/FreeRTOS/Source/CMSIS_RTOS/cmsis_os.o
 .debug_macro   0x00003b76       0x9c Middlewares/Third_Party/FreeRTOS/Source/CMSIS_RTOS/cmsis_os.o
 .debug_macro   0x00003c12       0x57 Middlewares/Third_Party/FreeRTOS/Source/CMSIS_RTOS/cmsis_os.o
 .debug_macro   0x00003c69       0x43 Middlewares/Third_Party/FreeRTOS/Source/CMSIS_RTOS/cmsis_os.o
 .debug_macro   0x00003cac      0x330 Middlewares/Third_Party/FreeRTOS/Source/CMSIS_RTOS/cmsis_os.o
 .debug_macro   0x00003fdc       0x35 Middlewares/Third_Party/FreeRTOS/Source/CMSIS_RTOS/cmsis_os.o
 .debug_macro   0x00004011       0xea Middlewares/Third_Party/FreeRTOS/Source/CMSIS_RTOS/cmsis_os.o
 .debug_macro   0x000040fb       0xc7 Middlewares/Third_Party/FreeRTOS/Source/CMSIS_RTOS/cmsis_os.o
 .debug_macro   0x000041c2      0x17b Middlewares/Third_Party/FreeRTOS/Source/list.o
 .debug_macro   0x0000433d      0x25e Middlewares/Third_Party/FreeRTOS/Source/tasks.o
 .debug_macro   0x0000459b       0x10 Middlewares/Third_Party/FreeRTOS/Source/tasks.o
 .debug_macro   0x000045ab      0x196 Middlewares/Third_Party/FreeRTOS/Source/portable/GCC/ARM_CM4F/port.o
 .debug_macro   0x00004741      0x1a2 Middlewares/Third_Party/FreeRTOS/Source/portable/MemMang/heap_4.o
 .debug_macro   0x000048e3      0x245 Src/freertos.o
 .debug_macro   0x00004b28      0x29f Src/main.o
 .debug_macro   0x00004dc7      0x1dd Src/stm32f4xx_hal_msp.o
 .debug_macro   0x00004fa4      0x1ce Src/stm32f4xx_hal_timebase_tim.o
 .debug_macro   0x00005172      0x24f Src/stm32f4xx_it.o
 .debug_macro   0x000053c1      0x1d4 Src/system_stm32f4xx.o

.debug_line     0x00000000     0xc909
 .debug_line    0x00000000      0x8e3 CPP/Tasks.o
 .debug_line    0x000008e3      0x8cf Drivers/STM32F4xx_HAL_Driver/Src/stm32f4xx_hal.o
 .debug_line    0x000011b2      0x905 Drivers/STM32F4xx_HAL_Driver/Src/stm32f4xx_hal_cortex.o
 .debug_line    0x00001ab7      0x9f9 Drivers/STM32F4xx_HAL_Driver/Src/stm32f4xx_hal_dma.o
 .debug_line    0x000024b0      0x862 Drivers/STM32F4xx_HAL_Driver/Src/stm32f4xx_hal_gpio.o
 .debug_line    0x00002d12      0x95a Drivers/STM32F4xx_HAL_Driver/Src/stm32f4xx_hal_rcc.o
 .debug_line    0x0000366c     0x193f Drivers/STM32F4xx_HAL_Driver/Src/stm32f4xx_hal_tim.o
 .debug_line    0x00004fab      0xd08 Drivers/STM32F4xx_HAL_Driver/Src/stm32f4xx_hal_tim_ex.o
 .debug_line    0x00005cb3     0x1020 Drivers/STM32F4xx_HAL_Driver/Src/stm32f4xx_hal_uart.o
 .debug_line    0x00006cd3      0xbe7 Middlewares/Third_Party/FreeRTOS/Source/CMSIS_RTOS/cmsis_os.o
 .debug_line    0x000078ba      0x582 Middlewares/Third_Party/FreeRTOS/Source/list.o
 .debug_line    0x00007e3c      0xe86 Middlewares/Third_Party/FreeRTOS/Source/tasks.o
 .debug_line    0x00008cc2      0x62c Middlewares/Third_Party/FreeRTOS/Source/portable/GCC/ARM_CM4F/port.o
 .debug_line    0x000092ee      0x635 Middlewares/Third_Party/FreeRTOS/Source/portable/MemMang/heap_4.o
 .debug_line    0x00009923      0x821 Src/freertos.o
 .debug_line    0x0000a144      0x981 Src/main.o
 .debug_line    0x0000aac5      0x71e Src/stm32f4xx_hal_msp.o
 .debug_line    0x0000b1e3      0x706 Src/stm32f4xx_hal_timebase_tim.o
 .debug_line    0x0000b8e9      0x8a9 Src/stm32f4xx_it.o
 .debug_line    0x0000c192      0x6f9 Src/system_stm32f4xx.o
 .debug_line    0x0000c88b       0x7e startup/startup_stm32f405xx.o

.debug_str      0x00000000    0xc5c1f
 .debug_str     0x00000000    0xbcc77 CPP/Tasks.o
                              0xbcf8a (size before relaxing)
 .debug_str     0x000bcc77      0xd56 Drivers/STM32F4xx_HAL_Driver/Src/stm32f4xx_hal.o
                              0xb7694 (size before relaxing)
 .debug_str     0x000bd9cd      0x38e Drivers/STM32F4xx_HAL_Driver/Src/stm32f4xx_hal_cortex.o
                              0xb743e (size before relaxing)
 .debug_str     0x000bdd5b      0x4ee Drivers/STM32F4xx_HAL_Driver/Src/stm32f4xx_hal_dma.o
                              0xb6fc4 (size before relaxing)
 .debug_str     0x000be249      0x223 Drivers/STM32F4xx_HAL_Driver/Src/stm32f4xx_hal_gpio.o
                              0xb6de2 (size before relaxing)
 .debug_str     0x000be46c      0x33f Drivers/STM32F4xx_HAL_Driver/Src/stm32f4xx_hal_rcc.o
                              0xb6fb7 (size before relaxing)
 .debug_str     0x000be7ab      0xed7 Drivers/STM32F4xx_HAL_Driver/Src/stm32f4xx_hal_tim.o
                              0xb7d02 (size before relaxing)
 .debug_str     0x000bf682      0x4d4 Drivers/STM32F4xx_HAL_Driver/Src/stm32f4xx_hal_tim_ex.o
                              0xb751a (size before relaxing)
 .debug_str     0x000bfb56      0x6a8 Drivers/STM32F4xx_HAL_Driver/Src/stm32f4xx_hal_uart.o
                              0xb7466 (size before relaxing)
 .debug_str     0x000c01fe     0x38b2 Middlewares/Third_Party/FreeRTOS/Source/CMSIS_RTOS/cmsis_os.o
                               0xd8df (size before relaxing)
 .debug_str     0x000c3ab0      0x219 Middlewares/Third_Party/FreeRTOS/Source/list.o
                               0x9c89 (size before relaxing)
 .debug_str     0x000c3cc9     0x111f Middlewares/Third_Party/FreeRTOS/Source/tasks.o
                               0xbf4e (size before relaxing)
 .debug_str     0x000c4de8      0x783 Middlewares/Third_Party/FreeRTOS/Source/portable/GCC/ARM_CM4F/port.o
                               0x7dc4 (size before relaxing)
 .debug_str     0x000c556b      0x243 Middlewares/Third_Party/FreeRTOS/Source/portable/MemMang/heap_4.o
                               0xa49b (size before relaxing)
 .debug_str     0x000c57ae       0x5e Src/freertos.o
                              0xba966 (size before relaxing)
 .debug_str     0x000c580c      0x28a Src/main.o
                              0xbe1af (size before relaxing)
 .debug_str     0x000c5a96       0x1b Src/stm32f4xx_hal_msp.o
                              0xb75f5 (size before relaxing)
 .debug_str     0x000c5ab1       0x51 Src/stm32f4xx_hal_timebase_tim.o
                              0xb7570 (size before relaxing)
 .debug_str     0x000c5b02       0xc3 Src/stm32f4xx_it.o
                              0xbad43 (size before relaxing)
 .debug_str     0x000c5bc5       0x5a Src/system_stm32f4xx.o
                              0xb6b9e (size before relaxing)

.comment        0x00000000       0x7f
 .comment       0x00000000       0x7f CPP/Tasks.o
                                 0x80 (size before relaxing)
 .comment       0x0000007f       0x80 Drivers/STM32F4xx_HAL_Driver/Src/stm32f4xx_hal.o
 .comment       0x0000007f       0x80 Drivers/STM32F4xx_HAL_Driver/Src/stm32f4xx_hal_cortex.o
 .comment       0x0000007f       0x80 Drivers/STM32F4xx_HAL_Driver/Src/stm32f4xx_hal_dma.o
 .comment       0x0000007f       0x80 Drivers/STM32F4xx_HAL_Driver/Src/stm32f4xx_hal_gpio.o
 .comment       0x0000007f       0x80 Drivers/STM32F4xx_HAL_Driver/Src/stm32f4xx_hal_rcc.o
 .comment       0x0000007f       0x80 Drivers/STM32F4xx_HAL_Driver/Src/stm32f4xx_hal_tim.o
 .comment       0x0000007f       0x80 Drivers/STM32F4xx_HAL_Driver/Src/stm32f4xx_hal_tim_ex.o
 .comment       0x0000007f       0x80 Drivers/STM32F4xx_HAL_Driver/Src/stm32f4xx_hal_uart.o
 .comment       0x0000007f       0x80 Middlewares/Third_Party/FreeRTOS/Source/CMSIS_RTOS/cmsis_os.o
 .comment       0x0000007f       0x80 Middlewares/Third_Party/FreeRTOS/Source/list.o
 .comment       0x0000007f       0x80 Middlewares/Third_Party/FreeRTOS/Source/tasks.o
 .comment       0x0000007f       0x80 Middlewares/Third_Party/FreeRTOS/Source/portable/GCC/ARM_CM4F/port.o
 .comment       0x0000007f       0x80 Middlewares/Third_Party/FreeRTOS/Source/portable/MemMang/heap_4.o
 .comment       0x0000007f       0x80 Src/freertos.o
 .comment       0x0000007f       0x80 Src/main.o
 .comment       0x0000007f       0x80 Src/stm32f4xx_hal_msp.o
 .comment       0x0000007f       0x80 Src/stm32f4xx_hal_timebase_tim.o
 .comment       0x0000007f       0x80 Src/stm32f4xx_it.o
 .comment       0x0000007f       0x80 Src/system_stm32f4xx.o

.debug_frame    0x00000000     0x2ab4
 .debug_frame   0x00000000       0x44 CPP/Tasks.o
 .debug_frame   0x00000044      0x1ec Drivers/STM32F4xx_HAL_Driver/Src/stm32f4xx_hal.o
 .debug_frame   0x00000230      0x15c Drivers/STM32F4xx_HAL_Driver/Src/stm32f4xx_hal_cortex.o
 .debug_frame   0x0000038c      0x17c Drivers/STM32F4xx_HAL_Driver/Src/stm32f4xx_hal_dma.o
 .debug_frame   0x00000508       0xd8 Drivers/STM32F4xx_HAL_Driver/Src/stm32f4xx_hal_gpio.o
 .debug_frame   0x000005e0      0x174 Drivers/STM32F4xx_HAL_Driver/Src/stm32f4xx_hal_rcc.o
 .debug_frame   0x00000754      0xa88 Drivers/STM32F4xx_HAL_Driver/Src/stm32f4xx_hal_tim.o
 .debug_frame   0x000011dc      0x3b4 Drivers/STM32F4xx_HAL_Driver/Src/stm32f4xx_hal_tim_ex.o
 .debug_frame   0x00001590      0x4ec Drivers/STM32F4xx_HAL_Driver/Src/stm32f4xx_hal_uart.o
 .debug_frame   0x00001a7c      0x598 Middlewares/Third_Party/FreeRTOS/Source/CMSIS_RTOS/cmsis_os.o
 .debug_frame   0x00002014       0x6c Middlewares/Third_Party/FreeRTOS/Source/list.o
 .debug_frame   0x00002080      0x54c Middlewares/Third_Party/FreeRTOS/Source/tasks.o
 .debug_frame   0x000025cc      0x100 Middlewares/Third_Party/FreeRTOS/Source/portable/GCC/ARM_CM4F/port.o
 .debug_frame   0x000026cc       0xac Middlewares/Third_Party/FreeRTOS/Source/portable/MemMang/heap_4.o
 .debug_frame   0x00002778       0x20 Src/freertos.o
 .debug_frame   0x00002798       0xe0 Src/main.o
 .debug_frame   0x00002878       0x68 Src/stm32f4xx_hal_msp.o
 .debug_frame   0x000028e0       0x50 Src/stm32f4xx_hal_timebase_tim.o
 .debug_frame   0x00002930       0xa8 Src/stm32f4xx_it.o
 .debug_frame   0x000029d8       0x30 Src/system_stm32f4xx.o
 .debug_frame   0x00002a08       0x2c d:/telepitett/systemworkbench/plugins/fr.ac6.mcu.externaltools.arm-none.win32_1.15.0.201708311556/tools/compiler/bin/../lib/gcc/arm-none-eabi/6.3.1/thumb/v7e-m/fpv4-sp/hard\libgcc.a(_aeabi_uldivmod.o)
 .debug_frame   0x00002a34       0x34 d:/telepitett/systemworkbench/plugins/fr.ac6.mcu.externaltools.arm-none.win32_1.15.0.201708311556/tools/compiler/bin/../lib/gcc/arm-none-eabi/6.3.1/thumb/v7e-m/fpv4-sp/hard\libgcc.a(_udivmoddi4.o)
 .debug_frame   0x00002a68       0x2c d:/telepitett/systemworkbench/plugins/fr.ac6.mcu.externaltools.arm-none.win32_1.15.0.201708311556/tools/compiler/bin/../lib/gcc/arm-none-eabi/6.3.1/../../../../arm-none-eabi/lib/thumb/v7e-m/fpv4-sp/hard\libc_nano.a(lib_a-init.o)
 .debug_frame   0x00002a94       0x20 d:/telepitett/systemworkbench/plugins/fr.ac6.mcu.externaltools.arm-none.win32_1.15.0.201708311556/tools/compiler/bin/../lib/gcc/arm-none-eabi/6.3.1/../../../../arm-none-eabi/lib/thumb/v7e-m/fpv4-sp/hard\libc_nano.a(lib_a-memset.o)
