Archive member included to satisfy reference by file (symbol)

c:/ac6/systemworkbench/plugins/fr.ac6.mcu.externaltools.arm-none.win32_1.15.0.201708311556/tools/compiler/bin/../lib/gcc/arm-none-eabi/6.3.1/thumb/v7e-m/fpv4-sp/hard\libgcc.a(_aeabi_uldivmod.o)
                              Drivers/STM32F4xx_HAL_Driver/Src/stm32f4xx_hal_rcc.o (__aeabi_uldivmod)
c:/ac6/systemworkbench/plugins/fr.ac6.mcu.externaltools.arm-none.win32_1.15.0.201708311556/tools/compiler/bin/../lib/gcc/arm-none-eabi/6.3.1/thumb/v7e-m/fpv4-sp/hard\libgcc.a(_udivmoddi4.o)
                              c:/ac6/systemworkbench/plugins/fr.ac6.mcu.externaltools.arm-none.win32_1.15.0.201708311556/tools/compiler/bin/../lib/gcc/arm-none-eabi/6.3.1/thumb/v7e-m/fpv4-sp/hard\libgcc.a(_aeabi_uldivmod.o) (__udivmoddi4)
c:/ac6/systemworkbench/plugins/fr.ac6.mcu.externaltools.arm-none.win32_1.15.0.201708311556/tools/compiler/bin/../lib/gcc/arm-none-eabi/6.3.1/thumb/v7e-m/fpv4-sp/hard\libgcc.a(_dvmd_tls.o)
                              c:/ac6/systemworkbench/plugins/fr.ac6.mcu.externaltools.arm-none.win32_1.15.0.201708311556/tools/compiler/bin/../lib/gcc/arm-none-eabi/6.3.1/thumb/v7e-m/fpv4-sp/hard\libgcc.a(_aeabi_uldivmod.o) (__aeabi_ldiv0)
c:/ac6/systemworkbench/plugins/fr.ac6.mcu.externaltools.arm-none.win32_1.15.0.201708311556/tools/compiler/bin/../lib/gcc/arm-none-eabi/6.3.1/../../../../arm-none-eabi/lib/thumb/v7e-m/fpv4-sp/hard\libc_nano.a(lib_a-errno.o)
                              Src/syscalls.o (__errno)
c:/ac6/systemworkbench/plugins/fr.ac6.mcu.externaltools.arm-none.win32_1.15.0.201708311556/tools/compiler/bin/../lib/gcc/arm-none-eabi/6.3.1/../../../../arm-none-eabi/lib/thumb/v7e-m/fpv4-sp/hard\libc_nano.a(lib_a-exit.o)
                              c:/ac6/systemworkbench/plugins/fr.ac6.mcu.externaltools.arm-none.win32_1.15.0.201708311556/tools/compiler/bin/../lib/gcc/arm-none-eabi/6.3.1/../../../../arm-none-eabi/lib/thumb/v7e-m/fpv4-sp/hard/crt0.o (exit)
c:/ac6/systemworkbench/plugins/fr.ac6.mcu.externaltools.arm-none.win32_1.15.0.201708311556/tools/compiler/bin/../lib/gcc/arm-none-eabi/6.3.1/../../../../arm-none-eabi/lib/thumb/v7e-m/fpv4-sp/hard\libc_nano.a(lib_a-impure.o)
                              c:/ac6/systemworkbench/plugins/fr.ac6.mcu.externaltools.arm-none.win32_1.15.0.201708311556/tools/compiler/bin/../lib/gcc/arm-none-eabi/6.3.1/../../../../arm-none-eabi/lib/thumb/v7e-m/fpv4-sp/hard\libc_nano.a(lib_a-exit.o) (_global_impure_ptr)
c:/ac6/systemworkbench/plugins/fr.ac6.mcu.externaltools.arm-none.win32_1.15.0.201708311556/tools/compiler/bin/../lib/gcc/arm-none-eabi/6.3.1/../../../../arm-none-eabi/lib/thumb/v7e-m/fpv4-sp/hard\libc_nano.a(lib_a-init.o)
                              c:/ac6/systemworkbench/plugins/fr.ac6.mcu.externaltools.arm-none.win32_1.15.0.201708311556/tools/compiler/bin/../lib/gcc/arm-none-eabi/6.3.1/../../../../arm-none-eabi/lib/thumb/v7e-m/fpv4-sp/hard/crt0.o (__libc_init_array)
c:/ac6/systemworkbench/plugins/fr.ac6.mcu.externaltools.arm-none.win32_1.15.0.201708311556/tools/compiler/bin/../lib/gcc/arm-none-eabi/6.3.1/../../../../arm-none-eabi/lib/thumb/v7e-m/fpv4-sp/hard\libc_nano.a(lib_a-memcpy-stub.o)
                              Middlewares/ST/BlueNRG-MS/hci/controller/bluenrg_gap_aci.o (memcpy)
c:/ac6/systemworkbench/plugins/fr.ac6.mcu.externaltools.arm-none.win32_1.15.0.201708311556/tools/compiler/bin/../lib/gcc/arm-none-eabi/6.3.1/../../../../arm-none-eabi/lib/thumb/v7e-m/fpv4-sp/hard\libc_nano.a(lib_a-memset.o)
                              c:/ac6/systemworkbench/plugins/fr.ac6.mcu.externaltools.arm-none.win32_1.15.0.201708311556/tools/compiler/bin/../lib/gcc/arm-none-eabi/6.3.1/../../../../arm-none-eabi/lib/thumb/v7e-m/fpv4-sp/hard/crt0.o (memset)

Allocating common symbols
Common symbol       size              file

hciReadPktPool      0x8               Middlewares/ST/BlueNRG-MS/hci/hci_tl_patterns/Basic/hci_tl.o
uwTick              0x4               Drivers/STM32F4xx_HAL_Driver/Src/stm32f4xx_hal.o
xQueueRegistry      0x40              Middlewares/Third_Party/FreeRTOS/Source/queue.o
pFlash              0x20              Drivers/STM32F4xx_HAL_Driver/Src/stm32f4xx_hal_flash.o
hexti4              0x8               Src/hci_tl_interface.o
hspi1               0x58              Src/custom_bus.o
htim14              0x40              Src/stm32f4xx_hal_timebase_tim.o
hciReadPktRxQueue   0x8               Middlewares/ST/BlueNRG-MS/hci/hci_tl_patterns/Basic/hci_tl.o

Discarded input sections

 .text          0x00000000        0x0 c:/ac6/systemworkbench/plugins/fr.ac6.mcu.externaltools.arm-none.win32_1.15.0.201708311556/tools/compiler/bin/../lib/gcc/arm-none-eabi/6.3.1/thumb/v7e-m/fpv4-sp/hard/crti.o
 .data          0x00000000        0x0 c:/ac6/systemworkbench/plugins/fr.ac6.mcu.externaltools.arm-none.win32_1.15.0.201708311556/tools/compiler/bin/../lib/gcc/arm-none-eabi/6.3.1/thumb/v7e-m/fpv4-sp/hard/crti.o
[...]
Memory Configuration

Name             Origin             Length             Attributes
RAM              0x20000000         0x00020000         xrw
CCMRAM           0x10000000         0x00010000         xrw
FLASH            0x08000000         0x00100000         xr
*default*        0x00000000         0xffffffff

Linker script and memory map

LOAD c:/ac6/systemworkbench/plugins/fr.ac6.mcu.externaltools.arm-none.win32_1.15.0.201708311556/tools/compiler/bin/../lib/gcc/arm-none-eabi/6.3.1/thumb/v7e-m/fpv4-sp/hard/crti.o
LOAD c:/ac6/systemworkbench/plugins/fr.ac6.mcu.externaltools.arm-none.win32_1.15.0.201708311556/tools/compiler/bin/../lib/gcc/arm-none-eabi/6.3.1/thumb/v7e-m/fpv4-sp/hard/crtbegin.o
LOAD c:/ac6/systemworkbench/plugins/fr.ac6.mcu.externaltools.arm-none.win32_1.15.0.201708311556/tools/compiler/bin/../lib/gcc/arm-none-eabi/6.3.1/../../../../arm-none-eabi/lib/thumb/v7e-m/fpv4-sp/hard/crt0.o
LOAD Drivers/STM32F4xx_HAL_Driver/Src/stm32f4xx_hal.o
LOAD Drivers/STM32F4xx_HAL_Driver/Src/stm32f4xx_hal_cortex.o
LOAD Drivers/STM32F4xx_HAL_Driver/Src/stm32f4xx_hal_dma.o
LOAD Drivers/STM32F4xx_HAL_Driver/Src/stm32f4xx_hal_dma_ex.o
LOAD Drivers/STM32F4xx_HAL_Driver/Src/stm32f4xx_hal_exti.o
LOAD Drivers/STM32F4xx_HAL_Driver/Src/stm32f4xx_hal_flash.o
LOAD Drivers/STM32F4xx_HAL_Driver/Src/stm32f4xx_hal_flash_ex.o
LOAD Drivers/STM32F4xx_HAL_Driver/Src/stm32f4xx_hal_flash_ramfunc.o
LOAD Drivers/STM32F4xx_HAL_Driver/Src/stm32f4xx_hal_gpio.o
LOAD Drivers/STM32F4xx_HAL_Driver/Src/stm32f4xx_hal_pwr.o
LOAD Drivers/STM32F4xx_HAL_Driver/Src/stm32f4xx_hal_pwr_ex.o
LOAD Drivers/STM32F4xx_HAL_Driver/Src/stm32f4xx_hal_rcc.o
LOAD Drivers/STM32F4xx_HAL_Driver/Src/stm32f4xx_hal_rcc_ex.o
LOAD Drivers/STM32F4xx_HAL_Driver/Src/stm32f4xx_hal_spi.o
LOAD Drivers/STM32F4xx_HAL_Driver/Src/stm32f4xx_hal_tim.o
LOAD Drivers/STM32F4xx_HAL_Driver/Src/stm32f4xx_hal_tim_ex.o
LOAD Drivers/STM32F4xx_HAL_Driver/Src/stm32f4xx_hal_uart.o
LOAD Middlewares/ST/BlueNRG-MS/hci/controller/bluenrg_IFR.o
LOAD Middlewares/ST/BlueNRG-MS/hci/controller/bluenrg_gap_aci.o
LOAD Middlewares/ST/BlueNRG-MS/hci/controller/bluenrg_gatt_aci.o
LOAD Middlewares/ST/BlueNRG-MS/hci/controller/bluenrg_hal_aci.o
LOAD Middlewares/ST/BlueNRG-MS/hci/controller/bluenrg_l2cap_aci.o
LOAD Middlewares/ST/BlueNRG-MS/hci/controller/bluenrg_updater_aci.o
LOAD Middlewares/ST/BlueNRG-MS/hci/controller/bluenrg_utils_small.o
LOAD Middlewares/ST/BlueNRG-MS/hci/hci_le.o
LOAD Middlewares/ST/BlueNRG-MS/hci/hci_tl_patterns/Basic/hci_tl.o
LOAD Middlewares/ST/BlueNRG-MS/utils/ble_list.o
LOAD Middlewares/Third_Party/FreeRTOS/Source/CMSIS_RTOS/cmsis_os.o
LOAD Middlewares/Third_Party/FreeRTOS/Source/croutine.o
LOAD Middlewares/Third_Party/FreeRTOS/Source/event_groups.o
LOAD Middlewares/Third_Party/FreeRTOS/Source/list.o
LOAD Middlewares/Third_Party/FreeRTOS/Source/queue.o
LOAD Middlewares/Third_Party/FreeRTOS/Source/stream_buffer.o
LOAD Middlewares/Third_Party/FreeRTOS/Source/tasks.o
LOAD Middlewares/Third_Party/FreeRTOS/Source/timers.o
LOAD Middlewares/Third_Party/FreeRTOS/Source/portable/GCC/ARM_CM4F/port.o
LOAD Middlewares/Third_Party/FreeRTOS/Source/portable/MemMang/heap_4.o
LOAD Src/custom_bus.o
LOAD Src/freertos.o
LOAD Src/hci_tl_interface.o
LOAD Src/main.o
LOAD Src/stm32f4xx_hal_msp.o
LOAD Src/stm32f4xx_hal_timebase_tim.o
LOAD Src/stm32f4xx_it.o
LOAD Src/syscalls.o
LOAD Src/system_stm32f4xx.o
LOAD startup/startup_stm32f405xx.o
LOAD c:/ac6/systemworkbench/plugins/fr.ac6.mcu.externaltools.arm-none.win32_1.15.0.201708311556/tools/compiler/bin/../lib/gcc/arm-none-eabi/6.3.1/../../../../arm-none-eabi/lib/thumb/v7e-m/fpv4-sp/hard\libstdc++_nano.a
LOAD c:/ac6/systemworkbench/plugins/fr.ac6.mcu.externaltools.arm-none.win32_1.15.0.201708311556/tools/compiler/bin/../lib/gcc/arm-none-eabi/6.3.1/../../../../arm-none-eabi/lib/thumb/v7e-m/fpv4-sp/hard\libm.a
START GROUP
LOAD c:/ac6/systemworkbench/plugins/fr.ac6.mcu.externaltools.arm-none.win32_1.15.0.201708311556/tools/compiler/bin/../lib/gcc/arm-none-eabi/6.3.1/thumb/v7e-m/fpv4-sp/hard\libgcc.a
LOAD c:/ac6/systemworkbench/plugins/fr.ac6.mcu.externaltools.arm-none.win32_1.15.0.201708311556/tools/compiler/bin/../lib/gcc/arm-none-eabi/6.3.1/../../../../arm-none-eabi/lib/thumb/v7e-m/fpv4-sp/hard\libc_nano.a
END GROUP
START GROUP
LOAD c:/ac6/systemworkbench/plugins/fr.ac6.mcu.externaltools.arm-none.win32_1.15.0.201708311556/tools/compiler/bin/../lib/gcc/arm-none-eabi/6.3.1/thumb/v7e-m/fpv4-sp/hard\libgcc.a
LOAD c:/ac6/systemworkbench/plugins/fr.ac6.mcu.externaltools.arm-none.win32_1.15.0.201708311556/tools/compiler/bin/../lib/gcc/arm-none-eabi/6.3.1/../../../../arm-none-eabi/lib/thumb/v7e-m/fpv4-sp/hard\libc_nano.a
LOAD c:/ac6/systemworkbench/plugins/fr.ac6.mcu.externaltools.arm-none.win32_1.15.0.201708311556/tools/compiler/bin/../lib/gcc/arm-none-eabi/6.3.1/../../../../arm-none-eabi/lib/thumb/v7e-m/fpv4-sp/hard\libnosys.a
END GROUP
START GROUP
LOAD c:/ac6/systemworkbench/plugins/fr.ac6.mcu.externaltools.arm-none.win32_1.15.0.201708311556/tools/compiler/bin/../lib/gcc/arm-none-eabi/6.3.1/thumb/v7e-m/fpv4-sp/hard\libgcc.a
LOAD c:/ac6/systemworkbench/plugins/fr.ac6.mcu.externaltools.arm-none.win32_1.15.0.201708311556/tools/compiler/bin/../lib/gcc/arm-none-eabi/6.3.1/../../../../arm-none-eabi/lib/thumb/v7e-m/fpv4-sp/hard\libc_nano.a
LOAD c:/ac6/systemworkbench/plugins/fr.ac6.mcu.externaltools.arm-none.win32_1.15.0.201708311556/tools/compiler/bin/../lib/gcc/arm-none-eabi/6.3.1/../../../../arm-none-eabi/lib/thumb/v7e-m/fpv4-sp/hard\libnosys.a
END GROUP
LOAD c:/ac6/systemworkbench/plugins/fr.ac6.mcu.externaltools.arm-none.win32_1.15.0.201708311556/tools/compiler/bin/../lib/gcc/arm-none-eabi/6.3.1/thumb/v7e-m/fpv4-sp/hard/crtend.o
LOAD c:/ac6/systemworkbench/plugins/fr.ac6.mcu.externaltools.arm-none.win32_1.15.0.201708311556/tools/compiler/bin/../lib/gcc/arm-none-eabi/6.3.1/thumb/v7e-m/fpv4-sp/hard/crtn.o
                0x20020000                _estack = 0x20020000
                0x00000200                _Min_Heap_Size = 0x200
                0x00000400                _Min_Stack_Size = 0x400

.isr_vector     0x08000000      0x188
                0x08000000                . = ALIGN (0x4)
 *(.isr_vector)
 .isr_vector    0x08000000      0x188 startup/startup_stm32f405xx.o
                0x08000000                g_pfnVectors
                0x08000188                . = ALIGN (0x4)

.text           0x08000190     0x2ae4
                0x08000190                . = ALIGN (0x4)
 *(.text)
 .text          0x08000190       0x6c c:/ac6/systemworkbench/plugins/fr.ac6.mcu.externaltools.arm-none.win32_1.15.0.201708311556/tools/compiler/bin/../lib/gcc/arm-none-eabi/6.3.1/thumb/v7e-m/fpv4-sp/hard/crtbegin.o
 .text          0x080001fc       0x30 c:/ac6/systemworkbench/plugins/fr.ac6.mcu.externaltools.arm-none.win32_1.15.0.201708311556/tools/compiler/bin/../lib/gcc/arm-none-eabi/6.3.1/thumb/v7e-m/fpv4-sp/hard\libgcc.a(_aeabi_uldivmod.o)
                0x080001fc                __aeabi_uldivmod
 .text          0x0800022c      0x2dc c:/ac6/systemworkbench/plugins/fr.ac6.mcu.externaltools.arm-none.win32_1.15.0.201708311556/tools/compiler/bin/../lib/gcc/arm-none-eabi/6.3.1/thumb/v7e-m/fpv4-sp/hard\libgcc.a(_udivmoddi4.o)
                0x0800022c                __udivmoddi4
 .text          0x08000508        0x4 c:/ac6/systemworkbench/plugins/fr.ac6.mcu.externaltools.arm-none.win32_1.15.0.201708311556/tools/compiler/bin/../lib/gcc/arm-none-eabi/6.3.1/thumb/v7e-m/fpv4-sp/hard\libgcc.a(_dvmd_tls.o)
                0x08000508                __aeabi_idiv0
                0x08000508                __aeabi_ldiv0
 *(.text*)
 .text.HAL_Init
                0x0800050c       0x34 Drivers/STM32F4xx_HAL_Driver/Src/stm32f4xx_hal.o
                0x0800050c                HAL_Init
 .text.HAL_IncTick
                0x08000540       0x18 Drivers/STM32F4xx_HAL_Driver/Src/stm32f4xx_hal.o
                0x08000540                HAL_IncTick
 .text.HAL_GetTick
                0x08000558        0xc Drivers/STM32F4xx_HAL_Driver/Src/stm32f4xx_hal.o
                0x08000558                HAL_GetTick
 .text.HAL_NVIC_SetPriorityGrouping
                0x08000564       0x24 Drivers/STM32F4xx_HAL_Driver/Src/stm32f4xx_hal_cortex.o
                0x08000564                HAL_NVIC_SetPriorityGrouping
 .text.HAL_NVIC_SetPriority
                0x08000588       0x64 Drivers/STM32F4xx_HAL_Driver/Src/stm32f4xx_hal_cortex.o
                0x08000588                HAL_NVIC_SetPriority
 .text.HAL_NVIC_EnableIRQ
                0x080005ec       0x1c Drivers/STM32F4xx_HAL_Driver/Src/stm32f4xx_hal_cortex.o
                0x080005ec                HAL_NVIC_EnableIRQ
 .text.DMA_CalcBaseAndBitshift
                0x08000608       0x3c Drivers/STM32F4xx_HAL_Driver/Src/stm32f4xx_hal_dma.o
 .text.DMA_CheckFifoParam
                0x08000644       0x8e Drivers/STM32F4xx_HAL_Driver/Src/stm32f4xx_hal_dma.o
 *fill*         0x080006d2        0x2 
 .text.HAL_DMA_Init
                0x080006d4       0xd0 Drivers/STM32F4xx_HAL_Driver/Src/stm32f4xx_hal_dma.o
                0x080006d4                HAL_DMA_Init
 .text.HAL_DMA_IRQHandler
                0x080007a4      0x1dc Drivers/STM32F4xx_HAL_Driver/Src/stm32f4xx_hal_dma.o
                0x080007a4                HAL_DMA_IRQHandler
 .text.HAL_EXTI_IRQHandler
                0x08000980       0x24 Drivers/STM32F4xx_HAL_Driver/Src/stm32f4xx_hal_exti.o
                0x08000980                HAL_EXTI_IRQHandler
 .text.HAL_GPIO_Init
                0x080009a4      0x1dc Drivers/STM32F4xx_HAL_Driver/Src/stm32f4xx_hal_gpio.o
                0x080009a4                HAL_GPIO_Init
 .text.HAL_GPIO_WritePin
                0x08000b80        0xc Drivers/STM32F4xx_HAL_Driver/Src/stm32f4xx_hal_gpio.o
                0x08000b80                HAL_GPIO_WritePin
 .text.HAL_RCC_OscConfig
                0x08000b8c      0x3ec Drivers/STM32F4xx_HAL_Driver/Src/stm32f4xx_hal_rcc.o
                0x08000b8c                HAL_RCC_OscConfig
 .text.HAL_RCC_EnableCSS
                0x08000f78        0xc Drivers/STM32F4xx_HAL_Driver/Src/stm32f4xx_hal_rcc.o
                0x08000f78                HAL_RCC_EnableCSS
 .text.HAL_RCC_GetSysClockFreq
                0x08000f84       0xd4 Drivers/STM32F4xx_HAL_Driver/Src/stm32f4xx_hal_rcc.o
                0x08000f84                HAL_RCC_GetSysClockFreq
 .text.HAL_RCC_ClockConfig
                0x08001058      0x160 Drivers/STM32F4xx_HAL_Driver/Src/stm32f4xx_hal_rcc.o
                0x08001058                HAL_RCC_ClockConfig
 .text.HAL_RCC_GetHCLKFreq
                0x080011b8        0xc Drivers/STM32F4xx_HAL_Driver/Src/stm32f4xx_hal_rcc.o
                0x080011b8                HAL_RCC_GetHCLKFreq
 .text.HAL_RCC_GetPCLK1Freq
                0x080011c4       0x20 Drivers/STM32F4xx_HAL_Driver/Src/stm32f4xx_hal_rcc.o
                0x080011c4                HAL_RCC_GetPCLK1Freq
 .text.HAL_RCC_GetPCLK2Freq
                0x080011e4       0x20 Drivers/STM32F4xx_HAL_Driver/Src/stm32f4xx_hal_rcc.o
                0x080011e4                HAL_RCC_GetPCLK2Freq
 .text.HAL_RCC_GetClockConfig
                0x08001204       0x3c Drivers/STM32F4xx_HAL_Driver/Src/stm32f4xx_hal_rcc.o
                0x08001204                HAL_RCC_GetClockConfig
 .text.HAL_RCC_CSSCallback
                0x08001240        0x2 Drivers/STM32F4xx_HAL_Driver/Src/stm32f4xx_hal_rcc.o
                0x08001240                HAL_RCC_CSSCallback
 *fill*         0x08001242        0x2 
 .text.HAL_RCC_NMI_IRQHandler
                0x08001244       0x24 Drivers/STM32F4xx_HAL_Driver/Src/stm32f4xx_hal_rcc.o
                0x08001244                HAL_RCC_NMI_IRQHandler
 .text.HAL_TIM_Base_MspInit
                0x08001268        0x2 Drivers/STM32F4xx_HAL_Driver/Src/stm32f4xx_hal_tim.o
                0x08001268                HAL_TIM_Base_MspInit
 .text.HAL_TIM_Base_Start_IT
                0x0800126a       0x22 Drivers/STM32F4xx_HAL_Driver/Src/stm32f4xx_hal_tim.o
                0x0800126a                HAL_TIM_Base_Start_IT
 .text.HAL_TIM_OC_DelayElapsedCallback
                0x0800128c        0x2 Drivers/STM32F4xx_HAL_Driver/Src/stm32f4xx_hal_tim.o
                0x0800128c                HAL_TIM_OC_DelayElapsedCallback
 .text.HAL_TIM_IC_CaptureCallback
                0x0800128e        0x2 Drivers/STM32F4xx_HAL_Driver/Src/stm32f4xx_hal_tim.o
                0x0800128e                HAL_TIM_IC_CaptureCallback
 .text.HAL_TIM_PWM_PulseFinishedCallback
                0x08001290        0x2 Drivers/STM32F4xx_HAL_Driver/Src/stm32f4xx_hal_tim.o
                0x08001290                HAL_TIM_PWM_PulseFinishedCallback
 .text.HAL_TIM_TriggerCallback
                0x08001292        0x2 Drivers/STM32F4xx_HAL_Driver/Src/stm32f4xx_hal_tim.o
                0x08001292                HAL_TIM_TriggerCallback
 .text.HAL_TIM_IRQHandler
                0x08001294      0x17a Drivers/STM32F4xx_HAL_Driver/Src/stm32f4xx_hal_tim.o
                0x08001294                HAL_TIM_IRQHandler
 *fill*         0x0800140e        0x2 
 .text.TIM_Base_SetConfig
                0x08001410       0xcc Drivers/STM32F4xx_HAL_Driver/Src/stm32f4xx_hal_tim.o
                0x08001410                TIM_Base_SetConfig
 .text.HAL_TIM_Base_Init
                0x080014dc       0x32 Drivers/STM32F4xx_HAL_Driver/Src/stm32f4xx_hal_tim.o
                0x080014dc                HAL_TIM_Base_Init
 .text.HAL_TIMEx_CommutCallback
                0x0800150e        0x2 Drivers/STM32F4xx_HAL_Driver/Src/stm32f4xx_hal_tim_ex.o
                0x0800150e                HAL_TIMEx_CommutCallback
 .text.HAL_TIMEx_BreakCallback
                0x08001510        0x2 Drivers/STM32F4xx_HAL_Driver/Src/stm32f4xx_hal_tim_ex.o
                0x08001510                HAL_TIMEx_BreakCallback
 *fill*         0x08001512        0x2 
 .text.UART_SetConfig
                0x08001514      0x1d4 Drivers/STM32F4xx_HAL_Driver/Src/stm32f4xx_hal_uart.o
 .text.HAL_UART_Init
                0x080016e8       0x5e Drivers/STM32F4xx_HAL_Driver/Src/stm32f4xx_hal_uart.o
                0x080016e8                HAL_UART_Init
 .text.makeFreeRtosPriority
                0x08001746        0xc Middlewares/Third_Party/FreeRTOS/Source/CMSIS_RTOS/cmsis_os.o
 .text.osKernelStart
                0x08001752        0xa Middlewares/Third_Party/FreeRTOS/Source/CMSIS_RTOS/cmsis_os.o
                0x08001752                osKernelStart
 .text.osThreadCreate
                0x0800175c       0x6a Middlewares/Third_Party/FreeRTOS/Source/CMSIS_RTOS/cmsis_os.o
                0x0800175c                osThreadCreate
 .text.osDelay  0x080017c6       0x12 Middlewares/Third_Party/FreeRTOS/Source/CMSIS_RTOS/cmsis_os.o
                0x080017c6                osDelay
 .text.vListInitialise
                0x080017d8       0x16 Middlewares/Third_Party/FreeRTOS/Source/list.o
                0x080017d8                vListInitialise
 .text.vListInitialiseItem
                0x080017ee        0x6 Middlewares/Third_Party/FreeRTOS/Source/list.o
                0x080017ee                vListInitialiseItem
 .text.vListInsertEnd
                0x080017f4       0x18 Middlewares/Third_Party/FreeRTOS/Source/list.o
                0x080017f4                vListInsertEnd
 .text.vListInsert
                0x0800180c       0x34 Middlewares/Third_Party/FreeRTOS/Source/list.o
                0x0800180c                vListInsert
 .text.uxListRemove
                0x08001840       0x28 Middlewares/Third_Party/FreeRTOS/Source/list.o
                0x08001840                uxListRemove
 .text.prvResetNextTaskUnblockTime
                0x08001868       0x24 Middlewares/Third_Party/FreeRTOS/Source/tasks.o
 .text.prvInitialiseNewTask
                0x0800188c       0x8c Middlewares/Third_Party/FreeRTOS/Source/tasks.o
 .text.prvInitialiseTaskLists
                0x08001918       0x58 Middlewares/Third_Party/FreeRTOS/Source/tasks.o
 .text.prvAddNewTaskToReadyList
                0x08001970       0xac Middlewares/Third_Party/FreeRTOS/Source/tasks.o
 .text.prvDeleteTCB
                0x08001a1c       0x3a Middlewares/Third_Party/FreeRTOS/Source/tasks.o
 *fill*         0x08001a56        0x2 
 .text.prvCheckTasksWaitingTermination
                0x08001a58       0x44 Middlewares/Third_Party/FreeRTOS/Source/tasks.o
 .text.prvIdleTask
                0x08001a9c       0x28 Middlewares/Third_Party/FreeRTOS/Source/tasks.o
 .text.prvAddCurrentTaskToDelayedList
                0x08001ac4       0x88 Middlewares/Third_Party/FreeRTOS/Source/tasks.o
 .text.xTaskCreateStatic
                0x08001b4c       0x74 Middlewares/Third_Party/FreeRTOS/Source/tasks.o
                0x08001b4c                xTaskCreateStatic
 .text.xTaskCreate
                0x08001bc0       0x66 Middlewares/Third_Party/FreeRTOS/Source/tasks.o
                0x08001bc0                xTaskCreate
 *fill*         0x08001c26        0x2 
 .text.vTaskStartScheduler
                0x08001c28       0x70 Middlewares/Third_Party/FreeRTOS/Source/tasks.o
                0x08001c28                vTaskStartScheduler
 .text.vTaskSuspendAll
                0x08001c98       0x14 Middlewares/Third_Party/FreeRTOS/Source/tasks.o
                0x08001c98                vTaskSuspendAll
 .text.xTaskIncrementTick
                0x08001cac      0x10c Middlewares/Third_Party/FreeRTOS/Source/tasks.o
                0x08001cac                xTaskIncrementTick
 .text.xTaskResumeAll
                0x08001db8       0xf4 Middlewares/Third_Party/FreeRTOS/Source/tasks.o
                0x08001db8                xTaskResumeAll
 .text.vTaskDelay
                0x08001eac       0x50 Middlewares/Third_Party/FreeRTOS/Source/tasks.o
                0x08001eac                vTaskDelay
 .text.vTaskSwitchContext
                0x08001efc       0x90 Middlewares/Third_Party/FreeRTOS/Source/tasks.o
                0x08001efc                vTaskSwitchContext
 .text.prvTaskExitError
                0x08001f8c       0x40 Middlewares/Third_Party/FreeRTOS/Source/portable/GCC/ARM_CM4F/port.o
 .text.prvPortStartFirstTask
                0x08001fcc       0x28 Middlewares/Third_Party/FreeRTOS/Source/portable/GCC/ARM_CM4F/port.o
 .text.vPortEnableVFP
                0x08001ff4       0x14 Middlewares/Third_Party/FreeRTOS/Source/portable/GCC/ARM_CM4F/port.o
 .text.pxPortInitialiseStack
                0x08002008       0x2c Middlewares/Third_Party/FreeRTOS/Source/portable/GCC/ARM_CM4F/port.o
                0x08002008                pxPortInitialiseStack
 *fill*         0x08002034        0xc 
 .text.SVC_Handler
                0x08002040       0x24 Middlewares/Third_Party/FreeRTOS/Source/portable/GCC/ARM_CM4F/port.o
                0x08002040                SVC_Handler
 .text.vPortEnterCritical
                0x08002064       0x44 Middlewares/Third_Party/FreeRTOS/Source/portable/GCC/ARM_CM4F/port.o
                0x08002064                vPortEnterCritical
 .text.vPortExitCritical
                0x080020a8       0x2c Middlewares/Third_Party/FreeRTOS/Source/portable/GCC/ARM_CM4F/port.o
                0x080020a8                vPortExitCritical
 *fill*         0x080020d4        0xc 
 .text.PendSV_Handler
                0x080020e0       0x64 Middlewares/Third_Party/FreeRTOS/Source/portable/GCC/ARM_CM4F/port.o
                0x080020e0                PendSV_Handler
 .text.SysTick_Handler
                0x08002144       0x2c Middlewares/Third_Party/FreeRTOS/Source/portable/GCC/ARM_CM4F/port.o
                0x08002144                SysTick_Handler
 .text.vPortSetupTimerInterrupt
                0x08002170       0x38 Middlewares/Third_Party/FreeRTOS/Source/portable/GCC/ARM_CM4F/port.o
                0x08002170                vPortSetupTimerInterrupt
 .text.xPortStartScheduler
                0x080021a8      0x108 Middlewares/Third_Party/FreeRTOS/Source/portable/GCC/ARM_CM4F/port.o
                0x080021a8                xPortStartScheduler
 .text.prvHeapInit
                0x080022b0       0x58 Middlewares/Third_Party/FreeRTOS/Source/portable/MemMang/heap_4.o
 .text.prvInsertBlockIntoFreeList
                0x08002308       0x58 Middlewares/Third_Party/FreeRTOS/Source/portable/MemMang/heap_4.o
 .text.pvPortMalloc
                0x08002360      0x10c Middlewares/Third_Party/FreeRTOS/Source/portable/MemMang/heap_4.o
                0x08002360                pvPortMalloc
 .text.vPortFree
                0x0800246c       0x70 Middlewares/Third_Party/FreeRTOS/Source/portable/MemMang/heap_4.o
                0x0800246c                vPortFree
 .text.vApplicationGetIdleTaskMemory
                0x080024dc       0x14 Src/freertos.o
                0x080024dc                vApplicationGetIdleTaskMemory
 .text._ZL12MX_GPIO_Initv
                0x080024f0       0xdc Src/main.o
 .text._ZL11MX_DMA_Initv
                0x080025cc       0x68 Src/main.o
 .text._ZL13MX_UART5_Initv
                0x08002634       0x2c Src/main.o
 .text._ZL19MX_USART1_UART_Initv
                0x08002660       0x30 Src/main.o
 .text._ZL19MX_USART2_UART_Initv
                0x08002690       0x40 Src/main.o
 .text._ZL19MX_USART3_UART_Initv
                0x080026d0       0x40 Src/main.o
 .text._Z16StartDefaultTaskPKv
                0x08002710        0xa Src/main.o
                0x08002710                StartDefaultTask(void const*)
 *fill*         0x0800271a        0x2 
 .text._Z18SystemClock_Configv
                0x0800271c       0x98 Src/main.o
                0x0800271c                SystemClock_Config()
 .text.main     0x080027b4       0x50 Src/main.o
                0x080027b4                main
 .text.HAL_TIM_PeriodElapsedCallback
                0x08002804       0x18 Src/main.o
                0x08002804                HAL_TIM_PeriodElapsedCallback
 .text.Error_Handler
                0x0800281c        0x2 Src/main.o
                0x0800281c                Error_Handler
 *fill*         0x0800281e        0x2 
 .text.HAL_MspInit
                0x08002820       0x44 Src/stm32f4xx_hal_msp.o
                0x08002820                HAL_MspInit
 .text.HAL_UART_MspInit
                0x08002864      0x250 Src/stm32f4xx_hal_msp.o
                0x08002864                HAL_UART_MspInit
 .text.HAL_InitTick
                0x08002ab4       0x7c Src/stm32f4xx_hal_timebase_tim.o
                0x08002ab4                HAL_InitTick
 .text.NMI_Handler
                0x08002b30        0x8 Src/stm32f4xx_it.o
                0x08002b30                NMI_Handler
 .text.HardFault_Handler
                0x08002b38        0x2 Src/stm32f4xx_it.o
                0x08002b38                HardFault_Handler
 .text.MemManage_Handler
                0x08002b3a        0x2 Src/stm32f4xx_it.o
                0x08002b3a                MemManage_Handler
 .text.BusFault_Handler
                0x08002b3c        0x2 Src/stm32f4xx_it.o
                0x08002b3c                BusFault_Handler
 .text.UsageFault_Handler
                0x08002b3e        0x2 Src/stm32f4xx_it.o
                0x08002b3e                UsageFault_Handler
 .text.DebugMon_Handler
                0x08002b40        0x2 Src/stm32f4xx_it.o
                0x08002b40                DebugMon_Handler
 *fill*         0x08002b42        0x2 
 .text.EXTI4_IRQHandler
                0x08002b44       0x10 Src/stm32f4xx_it.o
                0x08002b44                EXTI4_IRQHandler
 .text.DMA1_Stream1_IRQHandler
                0x08002b54       0x10 Src/stm32f4xx_it.o
                0x08002b54                DMA1_Stream1_IRQHandler
 .text.DMA1_Stream5_IRQHandler
                0x08002b64       0x10 Src/stm32f4xx_it.o
                0x08002b64                DMA1_Stream5_IRQHandler
 .text.TIM8_TRG_COM_TIM14_IRQHandler
                0x08002b74       0x10 Src/stm32f4xx_it.o
                0x08002b74                TIM8_TRG_COM_TIM14_IRQHandler
 .text.DMA2_Stream2_IRQHandler
                0x08002b84       0x10 Src/stm32f4xx_it.o
                0x08002b84                DMA2_Stream2_IRQHandler
 .text.SystemInit
                0x08002b94       0x1c Src/system_stm32f4xx.o
                0x08002b94                SystemInit
 .text.Reset_Handler
                0x08002bb0       0x50 startup/startup_stm32f405xx.o
                0x08002bb0                Reset_Handler
 .text.Default_Handler
                0x08002c00        0x2 startup/startup_stm32f405xx.o
                0x08002c00                RTC_Alarm_IRQHandler
                0x08002c00                HASH_RNG_IRQHandler
                0x08002c00                EXTI2_IRQHandler
                0x08002c00                TIM8_CC_IRQHandler
                0x08002c00                TIM1_CC_IRQHandler
                0x08002c00                DMA2_Stream5_IRQHandler
                0x08002c00                PVD_IRQHandler
                0x08002c00                SDIO_IRQHandler
                0x08002c00                TAMP_STAMP_IRQHandler
                0x08002c00                CAN2_RX1_IRQHandler
                0x08002c00                EXTI3_IRQHandler
                0x08002c00                TIM1_UP_TIM10_IRQHandler
                0x08002c00                TIM8_UP_TIM13_IRQHandler
                0x08002c00                I2C3_ER_IRQHandler
                0x08002c00                EXTI0_IRQHandler
                0x08002c00                I2C2_EV_IRQHandler
                0x08002c00                DMA1_Stream2_IRQHandler
                0x08002c00                CAN1_RX0_IRQHandler
                0x08002c00                FPU_IRQHandler
                0x08002c00                OTG_HS_WKUP_IRQHandler
                0x08002c00                CAN2_SCE_IRQHandler
                0x08002c00                SPI1_IRQHandler
                0x08002c00                TIM6_DAC_IRQHandler
                0x08002c00                TIM1_BRK_TIM9_IRQHandler
                0x08002c00                CAN2_RX0_IRQHandler
                0x08002c00                DMA2_Stream3_IRQHandler
                0x08002c00                USART6_IRQHandler
                0x08002c00                USART3_IRQHandler
                0x08002c00                CAN1_RX1_IRQHandler
                0x08002c00                UART5_IRQHandler
                0x08002c00                DMA2_Stream0_IRQHandler
                0x08002c00                TIM4_IRQHandler
                0x08002c00                I2C1_EV_IRQHandler
                0x08002c00                DMA1_Stream6_IRQHandler
                0x08002c00                UART4_IRQHandler
                0x08002c00                TIM3_IRQHandler
                0x08002c00                RCC_IRQHandler
                0x08002c00                TIM8_BRK_TIM12_IRQHandler
                0x08002c00                Default_Handler
                0x08002c00                EXTI15_10_IRQHandler
                0x08002c00                ADC_IRQHandler
                0x08002c00                DMA1_Stream7_IRQHandler
                0x08002c00                TIM7_IRQHandler
                0x08002c00                CAN2_TX_IRQHandler
                0x08002c00                TIM5_IRQHandler
                0x08002c00                DMA2_Stream7_IRQHandler
                0x08002c00                I2C3_EV_IRQHandler
                0x08002c00                EXTI9_5_IRQHandler
                0x08002c00                RTC_WKUP_IRQHandler
                0x08002c00                SPI2_IRQHandler
                0x08002c00                OTG_HS_EP1_IN_IRQHandler
                0x08002c00                DMA1_Stream0_IRQHandler
                0x08002c00                CAN1_TX_IRQHandler
                0x08002c00                FSMC_IRQHandler
                0x08002c00                OTG_HS_EP1_OUT_IRQHandler
                0x08002c00                WWDG_IRQHandler
                0x08002c00                TIM2_IRQHandler
                0x08002c00                OTG_FS_WKUP_IRQHandler
                0x08002c00                TIM1_TRG_COM_TIM11_IRQHandler
                0x08002c00                OTG_HS_IRQHandler
                0x08002c00                EXTI1_IRQHandler
                0x08002c00                USART2_IRQHandler
                0x08002c00                I2C2_ER_IRQHandler
                0x08002c00                DMA2_Stream1_IRQHandler
                0x08002c00                CAN1_SCE_IRQHandler
                0x08002c00                FLASH_IRQHandler
                0x08002c00                DMA2_Stream4_IRQHandler
                0x08002c00                USART1_IRQHandler
                0x08002c00                OTG_FS_IRQHandler
                0x08002c00                SPI3_IRQHandler
                0x08002c00                DMA1_Stream4_IRQHandler
                0x08002c00                I2C1_ER_IRQHandler
                0x08002c00                DMA2_Stream6_IRQHandler
                0x08002c00                DMA1_Stream3_IRQHandler
 *fill*         0x08002c02        0x2 
 .text.__libc_init_array
                0x08002c04       0x48 c:/ac6/systemworkbench/plugins/fr.ac6.mcu.externaltools.arm-none.win32_1.15.0.201708311556/tools/compiler/bin/../lib/gcc/arm-none-eabi/6.3.1/../../../../arm-none-eabi/lib/thumb/v7e-m/fpv4-sp/hard\libc_nano.a(lib_a-init.o)
                0x08002c04                __libc_init_array
 .text.memset   0x08002c4c       0x10 c:/ac6/systemworkbench/plugins/fr.ac6.mcu.externaltools.arm-none.win32_1.15.0.201708311556/tools/compiler/bin/../lib/gcc/arm-none-eabi/6.3.1/../../../../arm-none-eabi/lib/thumb/v7e-m/fpv4-sp/hard\libc_nano.a(lib_a-memset.o)
                0x08002c4c                memset
 *(.glue_7)
 .glue_7        0x08002c5c        0x0 linker stubs
 *(.glue_7t)
 .glue_7t       0x08002c5c        0x0 linker stubs
 *(.eh_frame)
 .eh_frame      0x08002c5c        0x0 c:/ac6/systemworkbench/plugins/fr.ac6.mcu.externaltools.arm-none.win32_1.15.0.201708311556/tools/compiler/bin/../lib/gcc/arm-none-eabi/6.3.1/thumb/v7e-m/fpv4-sp/hard/crtbegin.o
 *(.init)
 .init          0x08002c5c        0x4 c:/ac6/systemworkbench/plugins/fr.ac6.mcu.externaltools.arm-none.win32_1.15.0.201708311556/tools/compiler/bin/../lib/gcc/arm-none-eabi/6.3.1/thumb/v7e-m/fpv4-sp/hard/crti.o
                0x08002c5c                _init
 .init          0x08002c60        0x8 c:/ac6/systemworkbench/plugins/fr.ac6.mcu.externaltools.arm-none.win32_1.15.0.201708311556/tools/compiler/bin/../lib/gcc/arm-none-eabi/6.3.1/thumb/v7e-m/fpv4-sp/hard/crtn.o
 *(.fini)
 .fini          0x08002c68        0x4 c:/ac6/systemworkbench/plugins/fr.ac6.mcu.externaltools.arm-none.win32_1.15.0.201708311556/tools/compiler/bin/../lib/gcc/arm-none-eabi/6.3.1/thumb/v7e-m/fpv4-sp/hard/crti.o
                0x08002c68                _fini
 .fini          0x08002c6c        0x8 c:/ac6/systemworkbench/plugins/fr.ac6.mcu.externaltools.arm-none.win32_1.15.0.201708311556/tools/compiler/bin/../lib/gcc/arm-none-eabi/6.3.1/thumb/v7e-m/fpv4-sp/hard/crtn.o
                0x08002c74                . = ALIGN (0x4)
                0x08002c74                _etext = .

.vfp11_veneer   0x08002c74        0x0
 .vfp11_veneer  0x08002c74        0x0 linker stubs

.v4_bx          0x08002c74        0x0
 .v4_bx         0x08002c74        0x0 linker stubs

.iplt           0x08002c74        0x0
 .iplt          0x08002c74        0x0 c:/ac6/systemworkbench/plugins/fr.ac6.mcu.externaltools.arm-none.win32_1.15.0.201708311556/tools/compiler/bin/../lib/gcc/arm-none-eabi/6.3.1/thumb/v7e-m/fpv4-sp/hard/crtbegin.o

.rodata         0x08002c74       0x50
                0x08002c74                . = ALIGN (0x4)
 *(.rodata)
 .rodata        0x08002c74        0x8 Drivers/STM32F4xx_HAL_Driver/Src/stm32f4xx_hal_dma.o
 .rodata        0x08002c7c       0x1c Src/main.o
 .rodata        0x08002c98       0x18 Src/system_stm32f4xx.o
                0x08002c98                AHBPrescTable
                0x08002ca8                APBPrescTable
 *(.rodata*)
 .rodata.str1.4
                0x08002cb0        0x5 Middlewares/Third_Party/FreeRTOS/Source/tasks.o
 *fill*         0x08002cb5        0x3 
 .rodata.str1.4
                0x08002cb8        0xc Src/main.o
                0x08002cc4                . = ALIGN (0x4)

.ARM.extab
 *(.ARM.extab* .gnu.linkonce.armextab.*)

.ARM            0x08002cc4        0x8
                0x08002cc4                __exidx_start = .
 *(.ARM.exidx*)
 .ARM.exidx     0x08002cc4        0x8 c:/ac6/systemworkbench/plugins/fr.ac6.mcu.externaltools.arm-none.win32_1.15.0.201708311556/tools/compiler/bin/../lib/gcc/arm-none-eabi/6.3.1/thumb/v7e-m/fpv4-sp/hard\libgcc.a(_udivmoddi4.o)
                0x08002ccc                __exidx_end = .

.rel.dyn        0x08002ccc        0x0
 .rel.iplt      0x08002ccc        0x0 c:/ac6/systemworkbench/plugins/fr.ac6.mcu.externaltools.arm-none.win32_1.15.0.201708311556/tools/compiler/bin/../lib/gcc/arm-none-eabi/6.3.1/thumb/v7e-m/fpv4-sp/hard/crtbegin.o

.preinit_array  0x08002ccc        0x0
                0x08002ccc                PROVIDE (__preinit_array_start, .)
 *(.preinit_array*)
                0x08002ccc                PROVIDE (__preinit_array_end, .)

.init_array     0x08002ccc        0x4
                0x08002ccc                PROVIDE (__init_array_start, .)
 *(SORT(.init_array.*))
 *(.init_array*)
 .init_array    0x08002ccc        0x4 c:/ac6/systemworkbench/plugins/fr.ac6.mcu.externaltools.arm-none.win32_1.15.0.201708311556/tools/compiler/bin/../lib/gcc/arm-none-eabi/6.3.1/thumb/v7e-m/fpv4-sp/hard/crtbegin.o
                0x08002cd0                PROVIDE (__init_array_end, .)

.fini_array     0x08002cd0        0x4
                [!provide]                PROVIDE (__fini_array_start, .)
 *(SORT(.fini_array.*))
 *(.fini_array*)
 .fini_array    0x08002cd0        0x4 c:/ac6/systemworkbench/plugins/fr.ac6.mcu.externaltools.arm-none.win32_1.15.0.201708311556/tools/compiler/bin/../lib/gcc/arm-none-eabi/6.3.1/thumb/v7e-m/fpv4-sp/hard/crtbegin.o
                [!provide]                PROVIDE (__fini_array_end, .)
                0x08002cd4                _sidata = LOADADDR (.data)

.data           0x20000000       0x10 load address 0x08002cd4
                0x20000000                . = ALIGN (0x4)
                0x20000000                _sdata = .
 *(.data)
 .data          0x20000000        0x8 Drivers/STM32F4xx_HAL_Driver/Src/stm32f4xx_hal.o
                0x20000000                uwTickFreq
                0x20000004                uwTickPrio
 .data          0x20000008        0x4 Middlewares/Third_Party/FreeRTOS/Source/portable/GCC/ARM_CM4F/port.o
 .data          0x2000000c        0x4 Src/system_stm32f4xx.o
                0x2000000c                SystemCoreClock
 *(.data*)
                0x20000010                . = ALIGN (0x4)
                0x20000010                _edata = .
                0x08002ce4                _siccmram = LOADADDR (.ccmram)

.jcr            0x20000010        0x0 load address 0x08002ce4
 .jcr           0x20000010        0x0 c:/ac6/systemworkbench/plugins/fr.ac6.mcu.externaltools.arm-none.win32_1.15.0.201708311556/tools/compiler/bin/../lib/gcc/arm-none-eabi/6.3.1/thumb/v7e-m/fpv4-sp/hard/crtbegin.o

.igot.plt       0x20000010        0x0 load address 0x08002ce4
 .igot.plt      0x20000010        0x0 c:/ac6/systemworkbench/plugins/fr.ac6.mcu.externaltools.arm-none.win32_1.15.0.201708311556/tools/compiler/bin/../lib/gcc/arm-none-eabi/6.3.1/thumb/v7e-m/fpv4-sp/hard/crtbegin.o

.ccmram         0x10000000        0x0 load address 0x08002ce4
                0x10000000                . = ALIGN (0x4)
                0x10000000                _sccmram = .
 *(.ccmram)
 *(.ccmram*)
                0x10000000                . = ALIGN (0x4)
                0x10000000                _eccmram = .
                0x10000000                . = ALIGN (0x4)

.bss            0x20000010     0x4228
                0x20000010                _sbss = .
                0x20000010                __bss_start__ = _sbss
 *(.bss)
 .bss           0x20000010       0x1c c:/ac6/systemworkbench/plugins/fr.ac6.mcu.externaltools.arm-none.win32_1.15.0.201708311556/tools/compiler/bin/../lib/gcc/arm-none-eabi/6.3.1/thumb/v7e-m/fpv4-sp/hard/crtbegin.o
 .bss           0x2000002c      0x128 Middlewares/Third_Party/FreeRTOS/Source/tasks.o
                0x2000012c                pxCurrentTCB
 .bss           0x20000154        0x8 Middlewares/Third_Party/FreeRTOS/Source/portable/GCC/ARM_CM4F/port.o
 .bss           0x2000015c     0x3c18 Middlewares/Third_Party/FreeRTOS/Source/portable/MemMang/heap_4.o
 .bss           0x20003d74      0x254 Src/freertos.o
 .bss           0x20003fc8      0x224 Src/main.o
                0x20003fc8                huart5
                0x20004008                huart1
                0x20004048                huart2
                0x20004088                huart3
                0x200040c8                defaultTaskHandle
                0x200040cc                hdma_usart3_rx
                0x2000412c                hdma_usart2_rx
                0x2000418c                hdma_usart1_rx
 *(.bss*)
 *(COMMON)
 COMMON         0x200041ec        0x4 Drivers/STM32F4xx_HAL_Driver/Src/stm32f4xx_hal.o
                0x200041ec                uwTick
 COMMON         0x200041f0        0x8 Src/hci_tl_interface.o
                0x200041f0                hexti4
 COMMON         0x200041f8       0x40 Src/stm32f4xx_hal_timebase_tim.o
                0x200041f8                htim14
                0x20004238                . = ALIGN (0x4)
                0x20004238                _ebss = .
                0x20004238                __bss_end__ = _ebss

._user_heap_stack
                0x20004238      0x600
                0x20004238                . = ALIGN (0x8)
                0x20004238                PROVIDE (end, .)
                [!provide]                PROVIDE (_end, .)
                0x20004438                . = (. + _Min_Heap_Size)
 *fill*         0x20004238      0x200 
                0x20004838                . = (. + _Min_Stack_Size)
 *fill*         0x20004438      0x400 
                0x20004838                . = ALIGN (0x8)

/DISCARD/
 libc.a(*)
 libm.a(*)
 libgcc.a(*)

.ARM.attributes
                0x00000000       0x30
 *(.ARM.attributes)
 .ARM.attributes
                0x00000000       0x22 c:/ac6/systemworkbench/plugins/fr.ac6.mcu.externaltools.arm-none.win32_1.15.0.201708311556/tools/compiler/bin/../lib/gcc/arm-none-eabi/6.3.1/thumb/v7e-m/fpv4-sp/hard/crti.o
 .ARM.attributes
                0x00000022       0x34 c:/ac6/systemworkbench/plugins/fr.ac6.mcu.externaltools.arm-none.win32_1.15.0.201708311556/tools/compiler/bin/../lib/gcc/arm-none-eabi/6.3.1/thumb/v7e-m/fpv4-sp/hard/crtbegin.o
 .ARM.attributes
                0x00000056       0x39 Drivers/STM32F4xx_HAL_Driver/Src/stm32f4xx_hal.o
 .ARM.attributes
                0x0000008f       0x39 Drivers/STM32F4xx_HAL_Driver/Src/stm32f4xx_hal_cortex.o
 .ARM.attributes
                0x000000c8       0x39 Drivers/STM32F4xx_HAL_Driver/Src/stm32f4xx_hal_dma.o
 .ARM.attributes
                0x00000101       0x39 Drivers/STM32F4xx_HAL_Driver/Src/stm32f4xx_hal_exti.o
 .ARM.attributes
                0x0000013a       0x39 Drivers/STM32F4xx_HAL_Driver/Src/stm32f4xx_hal_gpio.o
 .ARM.attributes
                0x00000173       0x39 Drivers/STM32F4xx_HAL_Driver/Src/stm32f4xx_hal_rcc.o
 .ARM.attributes
                0x000001ac       0x39 Drivers/STM32F4xx_HAL_Driver/Src/stm32f4xx_hal_tim.o
 .ARM.attributes
                0x000001e5       0x39 Drivers/STM32F4xx_HAL_Driver/Src/stm32f4xx_hal_tim_ex.o
 .ARM.attributes
                0x0000021e       0x39 Drivers/STM32F4xx_HAL_Driver/Src/stm32f4xx_hal_uart.o
 .ARM.attributes
                0x00000257       0x39 Middlewares/Third_Party/FreeRTOS/Source/CMSIS_RTOS/cmsis_os.o
 .ARM.attributes
                0x00000290       0x39 Middlewares/Third_Party/FreeRTOS/Source/list.o
 .ARM.attributes
                0x000002c9       0x39 Middlewares/Third_Party/FreeRTOS/Source/tasks.o
 .ARM.attributes
                0x00000302       0x39 Middlewares/Third_Party/FreeRTOS/Source/portable/GCC/ARM_CM4F/port.o
 .ARM.attributes
                0x0000033b       0x39 Middlewares/Third_Party/FreeRTOS/Source/portable/MemMang/heap_4.o
 .ARM.attributes
                0x00000374       0x39 Src/freertos.o
 .ARM.attributes
                0x000003ad       0x39 Src/hci_tl_interface.o
 .ARM.attributes
                0x000003e6       0x39 Src/main.o
 .ARM.attributes
                0x0000041f       0x39 Src/stm32f4xx_hal_msp.o
 .ARM.attributes
                0x00000458       0x39 Src/stm32f4xx_hal_timebase_tim.o
 .ARM.attributes
                0x00000491       0x39 Src/stm32f4xx_it.o
 .ARM.attributes
                0x000004ca       0x39 Src/system_stm32f4xx.o
 .ARM.attributes
                0x00000503       0x21 startup/startup_stm32f405xx.o
 .ARM.attributes
                0x00000524       0x22 c:/ac6/systemworkbench/plugins/fr.ac6.mcu.externaltools.arm-none.win32_1.15.0.201708311556/tools/compiler/bin/../lib/gcc/arm-none-eabi/6.3.1/thumb/v7e-m/fpv4-sp/hard\libgcc.a(_aeabi_uldivmod.o)
 .ARM.attributes
                0x00000546       0x34 c:/ac6/systemworkbench/plugins/fr.ac6.mcu.externaltools.arm-none.win32_1.15.0.201708311556/tools/compiler/bin/../lib/gcc/arm-none-eabi/6.3.1/thumb/v7e-m/fpv4-sp/hard\libgcc.a(_udivmoddi4.o)
 .ARM.attributes
                0x0000057a       0x22 c:/ac6/systemworkbench/plugins/fr.ac6.mcu.externaltools.arm-none.win32_1.15.0.201708311556/tools/compiler/bin/../lib/gcc/arm-none-eabi/6.3.1/thumb/v7e-m/fpv4-sp/hard\libgcc.a(_dvmd_tls.o)
 .ARM.attributes
                0x0000059c       0x34 c:/ac6/systemworkbench/plugins/fr.ac6.mcu.externaltools.arm-none.win32_1.15.0.201708311556/tools/compiler/bin/../lib/gcc/arm-none-eabi/6.3.1/../../../../arm-none-eabi/lib/thumb/v7e-m/fpv4-sp/hard\libc_nano.a(lib_a-init.o)
 .ARM.attributes
                0x000005d0       0x34 c:/ac6/systemworkbench/plugins/fr.ac6.mcu.externaltools.arm-none.win32_1.15.0.201708311556/tools/compiler/bin/../lib/gcc/arm-none-eabi/6.3.1/../../../../arm-none-eabi/lib/thumb/v7e-m/fpv4-sp/hard\libc_nano.a(lib_a-memset.o)
 .ARM.attributes
                0x00000604       0x22 c:/ac6/systemworkbench/plugins/fr.ac6.mcu.externaltools.arm-none.win32_1.15.0.201708311556/tools/compiler/bin/../lib/gcc/arm-none-eabi/6.3.1/thumb/v7e-m/fpv4-sp/hard/crtn.o
OUTPUT(dipterv.elf elf32-littlearm)

.debug_info     0x00000000    0x17508
 .debug_info    0x00000000      0x9e2 Drivers/STM32F4xx_HAL_Driver/Src/stm32f4xx_hal.o
 .debug_info    0x000009e2      0xf7e Drivers/STM32F4xx_HAL_Driver/Src/stm32f4xx_hal_cortex.o
 .debug_info    0x00001960      0xaad Drivers/STM32F4xx_HAL_Driver/Src/stm32f4xx_hal_dma.o
 .debug_info    0x0000240d      0x5fa Drivers/STM32F4xx_HAL_Driver/Src/stm32f4xx_hal_exti.o
 .debug_info    0x00002a07      0x7c5 Drivers/STM32F4xx_HAL_Driver/Src/stm32f4xx_hal_gpio.o
 .debug_info    0x000031cc      0xa97 Drivers/STM32F4xx_HAL_Driver/Src/stm32f4xx_hal_rcc.o
 .debug_info    0x00003c63     0x31da Drivers/STM32F4xx_HAL_Driver/Src/stm32f4xx_hal_tim.o
 .debug_info    0x00006e3d     0x14eb Drivers/STM32F4xx_HAL_Driver/Src/stm32f4xx_hal_tim_ex.o
 .debug_info    0x00008328     0x171f Drivers/STM32F4xx_HAL_Driver/Src/stm32f4xx_hal_uart.o
 .debug_info    0x00009a47     0x2748 Middlewares/Third_Party/FreeRTOS/Source/CMSIS_RTOS/cmsis_os.o
 .debug_info    0x0000c18f      0xadf Middlewares/Third_Party/FreeRTOS/Source/list.o
 .debug_info    0x0000cc6e     0x2d54 Middlewares/Third_Party/FreeRTOS/Source/tasks.o
 .debug_info    0x0000f9c2      0x576 Middlewares/Third_Party/FreeRTOS/Source/portable/GCC/ARM_CM4F/port.o
 .debug_info    0x0000ff38      0xc78 Middlewares/Third_Party/FreeRTOS/Source/portable/MemMang/heap_4.o
 .debug_info    0x00010bb0      0x841 Src/freertos.o
 .debug_info    0x000113f1     0x19bb Src/hci_tl_interface.o
 .debug_info    0x00012dac     0x1a45 Src/main.o
 .debug_info    0x000147f1     0x10e6 Src/stm32f4xx_hal_msp.o
 .debug_info    0x000158d7      0xbef Src/stm32f4xx_hal_timebase_tim.o
 .debug_info    0x000164c6      0xa6b Src/stm32f4xx_it.o
 .debug_info    0x00016f31      0x55f Src/system_stm32f4xx.o
 .debug_info    0x00017490       0x78 startup/startup_stm32f405xx.o

.debug_abbrev   0x00000000     0x315d
 .debug_abbrev  0x00000000      0x1eb Drivers/STM32F4xx_HAL_Driver/Src/stm32f4xx_hal.o
 .debug_abbrev  0x000001eb      0x326 Drivers/STM32F4xx_HAL_Driver/Src/stm32f4xx_hal_cortex.o
 .debug_abbrev  0x00000511      0x28e Drivers/STM32F4xx_HAL_Driver/Src/stm32f4xx_hal_dma.o
 .debug_abbrev  0x0000079f      0x1e7 Drivers/STM32F4xx_HAL_Driver/Src/stm32f4xx_hal_exti.o
 .debug_abbrev  0x00000986      0x1e5 Drivers/STM32F4xx_HAL_Driver/Src/stm32f4xx_hal_gpio.o
 .debug_abbrev  0x00000b6b      0x271 Drivers/STM32F4xx_HAL_Driver/Src/stm32f4xx_hal_rcc.o
 .debug_abbrev  0x00000ddc      0x222 Drivers/STM32F4xx_HAL_Driver/Src/stm32f4xx_hal_tim.o
 .debug_abbrev  0x00000ffe      0x233 Drivers/STM32F4xx_HAL_Driver/Src/stm32f4xx_hal_tim_ex.o
 .debug_abbrev  0x00001231      0x286 Drivers/STM32F4xx_HAL_Driver/Src/stm32f4xx_hal_uart.o
 .debug_abbrev  0x000014b7      0x3c1 Middlewares/Third_Party/FreeRTOS/Source/CMSIS_RTOS/cmsis_os.o
 .debug_abbrev  0x00001878      0x223 Middlewares/Third_Party/FreeRTOS/Source/list.o
 .debug_abbrev  0x00001a9b      0x3af Middlewares/Third_Party/FreeRTOS/Source/tasks.o
 .debug_abbrev  0x00001e4a      0x23d Middlewares/Third_Party/FreeRTOS/Source/portable/GCC/ARM_CM4F/port.o
 .debug_abbrev  0x00002087      0x318 Middlewares/Third_Party/FreeRTOS/Source/portable/MemMang/heap_4.o
 .debug_abbrev  0x0000239f      0x174 Src/freertos.o
 .debug_abbrev  0x00002513      0x2e1 Src/hci_tl_interface.o
 .debug_abbrev  0x000027f4      0x2c5 Src/main.o
 .debug_abbrev  0x00002ab9      0x1f3 Src/stm32f4xx_hal_msp.o
 .debug_abbrev  0x00002cac      0x1ec Src/stm32f4xx_hal_timebase_tim.o
 .debug_abbrev  0x00002e98      0x18a Src/stm32f4xx_it.o
 .debug_abbrev  0x00003022      0x129 Src/system_stm32f4xx.o
 .debug_abbrev  0x0000314b       0x12 startup/startup_stm32f405xx.o

.debug_loc      0x00000000     0xafde
 .debug_loc     0x00000000      0x10d Drivers/STM32F4xx_HAL_Driver/Src/stm32f4xx_hal.o
 .debug_loc     0x0000010d      0x616 Drivers/STM32F4xx_HAL_Driver/Src/stm32f4xx_hal_cortex.o
 .debug_loc     0x00000723      0xae1 Drivers/STM32F4xx_HAL_Driver/Src/stm32f4xx_hal_dma.o
 .debug_loc     0x00001204      0x49e Drivers/STM32F4xx_HAL_Driver/Src/stm32f4xx_hal_exti.o
 .debug_loc     0x000016a2      0x42a Drivers/STM32F4xx_HAL_Driver/Src/stm32f4xx_hal_gpio.o
 .debug_loc     0x00001acc      0x404 Drivers/STM32F4xx_HAL_Driver/Src/stm32f4xx_hal_rcc.o
 .debug_loc     0x00001ed0     0x382f Drivers/STM32F4xx_HAL_Driver/Src/stm32f4xx_hal_tim.o
 .debug_loc     0x000056ff     0x11fc Drivers/STM32F4xx_HAL_Driver/Src/stm32f4xx_hal_tim_ex.o
 .debug_loc     0x000068fb     0x15a5 Drivers/STM32F4xx_HAL_Driver/Src/stm32f4xx_hal_uart.o
 .debug_loc     0x00007ea0     0x106c Middlewares/Third_Party/FreeRTOS/Source/CMSIS_RTOS/cmsis_os.o
 .debug_loc     0x00008f0c       0x70 Middlewares/Third_Party/FreeRTOS/Source/list.o
 .debug_loc     0x00008f7c     0x185c Middlewares/Third_Party/FreeRTOS/Source/tasks.o
 .debug_loc     0x0000a7d8       0xdc Middlewares/Third_Party/FreeRTOS/Source/portable/GCC/ARM_CM4F/port.o
 .debug_loc     0x0000a8b4      0x291 Middlewares/Third_Party/FreeRTOS/Source/portable/MemMang/heap_4.o
 .debug_loc     0x0000ab45      0x1a1 Src/hci_tl_interface.o
 .debug_loc     0x0000ace6       0x5b Src/main.o
 .debug_loc     0x0000ad41       0xf5 Src/stm32f4xx_hal_msp.o
 .debug_loc     0x0000ae36       0x6a Src/stm32f4xx_hal_timebase_tim.o
 .debug_loc     0x0000aea0      0x13e Src/system_stm32f4xx.o

.debug_aranges  0x00000000     0x10c8
 .debug_aranges
                0x00000000       0xf0 Drivers/STM32F4xx_HAL_Driver/Src/stm32f4xx_hal.o
 .debug_aranges
                0x000000f0       0xa8 Drivers/STM32F4xx_HAL_Driver/Src/stm32f4xx_hal_cortex.o
 .debug_aranges
                0x00000198       0x90 Drivers/STM32F4xx_HAL_Driver/Src/stm32f4xx_hal_dma.o
 .debug_aranges
                0x00000228       0x60 Drivers/STM32F4xx_HAL_Driver/Src/stm32f4xx_hal_exti.o
 .debug_aranges
                0x00000288       0x58 Drivers/STM32F4xx_HAL_Driver/Src/stm32f4xx_hal_gpio.o
 .debug_aranges
                0x000002e0       0x88 Drivers/STM32F4xx_HAL_Driver/Src/stm32f4xx_hal_rcc.o
 .debug_aranges
                0x00000368      0x3a8 Drivers/STM32F4xx_HAL_Driver/Src/stm32f4xx_hal_tim.o
 .debug_aranges
                0x00000710      0x150 Drivers/STM32F4xx_HAL_Driver/Src/stm32f4xx_hal_tim_ex.o
 .debug_aranges
                0x00000860      0x1d0 Drivers/STM32F4xx_HAL_Driver/Src/stm32f4xx_hal_uart.o
 .debug_aranges
                0x00000a30      0x1d8 Middlewares/Third_Party/FreeRTOS/Source/CMSIS_RTOS/cmsis_os.o
 .debug_aranges
                0x00000c08       0x40 Middlewares/Third_Party/FreeRTOS/Source/list.o
 .debug_aranges
                0x00000c48      0x1a8 Middlewares/Third_Party/FreeRTOS/Source/tasks.o
 .debug_aranges
                0x00000df0       0x80 Middlewares/Third_Party/FreeRTOS/Source/portable/GCC/ARM_CM4F/port.o
 .debug_aranges
                0x00000e70       0x50 Middlewares/Third_Party/FreeRTOS/Source/portable/MemMang/heap_4.o
 .debug_aranges
                0x00000ec0       0x20 Src/freertos.o
 .debug_aranges
                0x00000ee0       0x58 Src/hci_tl_interface.o
 .debug_aranges
                0x00000f38       0x70 Src/main.o
 .debug_aranges
                0x00000fa8       0x30 Src/stm32f4xx_hal_msp.o
 .debug_aranges
                0x00000fd8       0x30 Src/stm32f4xx_hal_timebase_tim.o
 .debug_aranges
                0x00001008       0x70 Src/stm32f4xx_it.o
 .debug_aranges
                0x00001078       0x28 Src/system_stm32f4xx.o
 .debug_aranges
                0x000010a0       0x28 startup/startup_stm32f405xx.o

.debug_ranges   0x00000000     0x1098
 .debug_ranges  0x00000000       0xe0 Drivers/STM32F4xx_HAL_Driver/Src/stm32f4xx_hal.o
 .debug_ranges  0x000000e0       0xf8 Drivers/STM32F4xx_HAL_Driver/Src/stm32f4xx_hal_cortex.o
 .debug_ranges  0x000001d8       0x80 Drivers/STM32F4xx_HAL_Driver/Src/stm32f4xx_hal_dma.o
 .debug_ranges  0x00000258       0x50 Drivers/STM32F4xx_HAL_Driver/Src/stm32f4xx_hal_exti.o
 .debug_ranges  0x000002a8       0x48 Drivers/STM32F4xx_HAL_Driver/Src/stm32f4xx_hal_gpio.o
 .debug_ranges  0x000002f0       0x90 Drivers/STM32F4xx_HAL_Driver/Src/stm32f4xx_hal_rcc.o
 .debug_ranges  0x00000380      0x398 Drivers/STM32F4xx_HAL_Driver/Src/stm32f4xx_hal_tim.o
 .debug_ranges  0x00000718      0x140 Drivers/STM32F4xx_HAL_Driver/Src/stm32f4xx_hal_tim_ex.o
 .debug_ranges  0x00000858      0x1c0 Drivers/STM32F4xx_HAL_Driver/Src/stm32f4xx_hal_uart.o
 .debug_ranges  0x00000a18      0x1c8 Middlewares/Third_Party/FreeRTOS/Source/CMSIS_RTOS/cmsis_os.o
 .debug_ranges  0x00000be0       0x30 Middlewares/Third_Party/FreeRTOS/Source/list.o
 .debug_ranges  0x00000c10      0x248 Middlewares/Third_Party/FreeRTOS/Source/tasks.o
 .debug_ranges  0x00000e58       0x70 Middlewares/Third_Party/FreeRTOS/Source/portable/GCC/ARM_CM4F/port.o
 .debug_ranges  0x00000ec8       0x40 Middlewares/Third_Party/FreeRTOS/Source/portable/MemMang/heap_4.o
 .debug_ranges  0x00000f08       0x10 Src/freertos.o
 .debug_ranges  0x00000f18       0x48 Src/hci_tl_interface.o
 .debug_ranges  0x00000f60       0x60 Src/main.o
 .debug_ranges  0x00000fc0       0x20 Src/stm32f4xx_hal_msp.o
 .debug_ranges  0x00000fe0       0x20 Src/stm32f4xx_hal_timebase_tim.o
 .debug_ranges  0x00001000       0x60 Src/stm32f4xx_it.o
 .debug_ranges  0x00001060       0x18 Src/system_stm32f4xx.o
 .debug_ranges  0x00001078       0x20 startup/startup_stm32f405xx.o

.debug_macro    0x00000000    0x2227e
 .debug_macro   0x00000000      0x238 Drivers/STM32F4xx_HAL_Driver/Src/stm32f4xx_hal.o
 .debug_macro   0x00000238      0x8b0 Drivers/STM32F4xx_HAL_Driver/Src/stm32f4xx_hal.o
 .debug_macro   0x00000ae8      0x190 Drivers/STM32F4xx_HAL_Driver/Src/stm32f4xx_hal.o
 .debug_macro   0x00000c78       0x2e Drivers/STM32F4xx_HAL_Driver/Src/stm32f4xx_hal.o
 .debug_macro   0x00000ca6       0x2f Drivers/STM32F4xx_HAL_Driver/Src/stm32f4xx_hal.o
 .debug_macro   0x00000cd5       0x22 Drivers/STM32F4xx_HAL_Driver/Src/stm32f4xx_hal.o
 .debug_macro   0x00000cf7       0x87 Drivers/STM32F4xx_HAL_Driver/Src/stm32f4xx_hal.o
 .debug_macro   0x00000d7e       0x51 Drivers/STM32F4xx_HAL_Driver/Src/stm32f4xx_hal.o
 .debug_macro   0x00000dcf       0xef Drivers/STM32F4xx_HAL_Driver/Src/stm32f4xx_hal.o
 .debug_macro   0x00000ebe       0x6a Drivers/STM32F4xx_HAL_Driver/Src/stm32f4xx_hal.o
 .debug_macro   0x00000f28      0x1df Drivers/STM32F4xx_HAL_Driver/Src/stm32f4xx_hal.o
 .debug_macro   0x00001107       0x1c Drivers/STM32F4xx_HAL_Driver/Src/stm32f4xx_hal.o
 .debug_macro   0x00001123       0x22 Drivers/STM32F4xx_HAL_Driver/Src/stm32f4xx_hal.o
 .debug_macro   0x00001145       0xdf Drivers/STM32F4xx_HAL_Driver/Src/stm32f4xx_hal.o
 .debug_macro   0x00001224     0x102d Drivers/STM32F4xx_HAL_Driver/Src/stm32f4xx_hal.o
 .debug_macro   0x00002251      0x11f Drivers/STM32F4xx_HAL_Driver/Src/stm32f4xx_hal.o
 .debug_macro   0x00002370    0x14251 Drivers/STM32F4xx_HAL_Driver/Src/stm32f4xx_hal.o
 .debug_macro   0x000165c1       0x43 Drivers/STM32F4xx_HAL_Driver/Src/stm32f4xx_hal.o
 .debug_macro   0x00016604     0x3659 Drivers/STM32F4xx_HAL_Driver/Src/stm32f4xx_hal.o
 .debug_macro   0x00019c5d      0x174 Drivers/STM32F4xx_HAL_Driver/Src/stm32f4xx_hal.o
 .debug_macro   0x00019dd1       0x5a Drivers/STM32F4xx_HAL_Driver/Src/stm32f4xx_hal.o
 .debug_macro   0x00019e2b      0x8a7 Drivers/STM32F4xx_HAL_Driver/Src/stm32f4xx_hal.o
 .debug_macro   0x0001a6d2      0x9fe Drivers/STM32F4xx_HAL_Driver/Src/stm32f4xx_hal.o
 .debug_macro   0x0001b0d0      0x174 Drivers/STM32F4xx_HAL_Driver/Src/stm32f4xx_hal.o
 .debug_macro   0x0001b244      0x117 Drivers/STM32F4xx_HAL_Driver/Src/stm32f4xx_hal.o
 .debug_macro   0x0001b35b      0x130 Drivers/STM32F4xx_HAL_Driver/Src/stm32f4xx_hal.o
 .debug_macro   0x0001b48b       0x27 Drivers/STM32F4xx_HAL_Driver/Src/stm32f4xx_hal.o
 .debug_macro   0x0001b4b2      0x287 Drivers/STM32F4xx_HAL_Driver/Src/stm32f4xx_hal.o
 .debug_macro   0x0001b739       0x5f Drivers/STM32F4xx_HAL_Driver/Src/stm32f4xx_hal.o
 .debug_macro   0x0001b798      0x236 Drivers/STM32F4xx_HAL_Driver/Src/stm32f4xx_hal.o
 .debug_macro   0x0001b9ce      0x12c Drivers/STM32F4xx_HAL_Driver/Src/stm32f4xx_hal.o
 .debug_macro   0x0001bafa      0x21e Drivers/STM32F4xx_HAL_Driver/Src/stm32f4xx_hal.o
 .debug_macro   0x0001bd18       0x2e Drivers/STM32F4xx_HAL_Driver/Src/stm32f4xx_hal.o
 .debug_macro   0x0001bd46      0x11a Drivers/STM32F4xx_HAL_Driver/Src/stm32f4xx_hal.o
 .debug_macro   0x0001be60       0x7e Drivers/STM32F4xx_HAL_Driver/Src/stm32f4xx_hal.o
 .debug_macro   0x0001bede       0x89 Drivers/STM32F4xx_HAL_Driver/Src/stm32f4xx_hal.o
 .debug_macro   0x0001bf67      0x225 Drivers/STM32F4xx_HAL_Driver/Src/stm32f4xx_hal.o
 .debug_macro   0x0001c18c      0x8a0 Drivers/STM32F4xx_HAL_Driver/Src/stm32f4xx_hal.o
 .debug_macro   0x0001ca2c       0x47 Drivers/STM32F4xx_HAL_Driver/Src/stm32f4xx_hal.o
 .debug_macro   0x0001ca73      0x287 Drivers/STM32F4xx_HAL_Driver/Src/stm32f4xx_hal.o
 .debug_macro   0x0001ccfa      0x12d Drivers/STM32F4xx_HAL_Driver/Src/stm32f4xx_hal.o
 .debug_macro   0x0001ce27      0x1d8 Drivers/STM32F4xx_HAL_Driver/Src/stm32f4xx_hal_cortex.o
 .debug_macro   0x0001cfff      0x1de Drivers/STM32F4xx_HAL_Driver/Src/stm32f4xx_hal_dma.o
 .debug_macro   0x0001d1dd      0x1d8 Drivers/STM32F4xx_HAL_Driver/Src/stm32f4xx_hal_exti.o
 .debug_macro   0x0001d3b5      0x20e Drivers/STM32F4xx_HAL_Driver/Src/stm32f4xx_hal_gpio.o
 .debug_macro   0x0001d5c3      0x1fc Drivers/STM32F4xx_HAL_Driver/Src/stm32f4xx_hal_rcc.o
 .debug_macro   0x0001d7bf      0x1d9 Drivers/STM32F4xx_HAL_Driver/Src/stm32f4xx_hal_tim.o
 .debug_macro   0x0001d998      0x1d8 Drivers/STM32F4xx_HAL_Driver/Src/stm32f4xx_hal_tim_ex.o
 .debug_macro   0x0001db70      0x1d9 Drivers/STM32F4xx_HAL_Driver/Src/stm32f4xx_hal_uart.o
 .debug_macro   0x0001dd49      0x1e3 Middlewares/Third_Party/FreeRTOS/Source/CMSIS_RTOS/cmsis_os.o
 .debug_macro   0x0001df2c       0x52 Middlewares/Third_Party/FreeRTOS/Source/CMSIS_RTOS/cmsis_os.o
 .debug_macro   0x0001df7e       0x8d Middlewares/Third_Party/FreeRTOS/Source/CMSIS_RTOS/cmsis_os.o
 .debug_macro   0x0001e00b       0x57 Middlewares/Third_Party/FreeRTOS/Source/CMSIS_RTOS/cmsis_os.o
 .debug_macro   0x0001e062       0xea Middlewares/Third_Party/FreeRTOS/Source/CMSIS_RTOS/cmsis_os.o
 .debug_macro   0x0001e14c      0x15a Middlewares/Third_Party/FreeRTOS/Source/CMSIS_RTOS/cmsis_os.o
 .debug_macro   0x0001e2a6       0xde Middlewares/Third_Party/FreeRTOS/Source/CMSIS_RTOS/cmsis_os.o
 .debug_macro   0x0001e384       0x1c Middlewares/Third_Party/FreeRTOS/Source/CMSIS_RTOS/cmsis_os.o
 .debug_macro   0x0001e3a0       0x26 Middlewares/Third_Party/FreeRTOS/Source/CMSIS_RTOS/cmsis_os.o
 .debug_macro   0x0001e3c6      0x4e8 Middlewares/Third_Party/FreeRTOS/Source/CMSIS_RTOS/cmsis_os.o
 .debug_macro   0x0001e8ae       0xb5 Middlewares/Third_Party/FreeRTOS/Source/CMSIS_RTOS/cmsis_os.o
 .debug_macro   0x0001e963       0xaa Middlewares/Third_Party/FreeRTOS/Source/CMSIS_RTOS/cmsis_os.o
 .debug_macro   0x0001ea0d       0x91 Middlewares/Third_Party/FreeRTOS/Source/CMSIS_RTOS/cmsis_os.o
 .debug_macro   0x0001ea9e       0x8d Middlewares/Third_Party/FreeRTOS/Source/CMSIS_RTOS/cmsis_os.o
 .debug_macro   0x0001eb2b       0x7e Middlewares/Third_Party/FreeRTOS/Source/CMSIS_RTOS/cmsis_os.o
 .debug_macro   0x0001eba9       0x19 Middlewares/Third_Party/FreeRTOS/Source/CMSIS_RTOS/cmsis_os.o
 .debug_macro   0x0001ebc2       0xf2 Middlewares/Third_Party/FreeRTOS/Source/CMSIS_RTOS/cmsis_os.o
 .debug_macro   0x0001ecb4       0xc7 Middlewares/Third_Party/FreeRTOS/Source/CMSIS_RTOS/cmsis_os.o
 .debug_macro   0x0001ed7b      0x17b Middlewares/Third_Party/FreeRTOS/Source/list.o
 .debug_macro   0x0001eef6      0x25e Middlewares/Third_Party/FreeRTOS/Source/tasks.o
 .debug_macro   0x0001f154       0x10 Middlewares/Third_Party/FreeRTOS/Source/tasks.o
 .debug_macro   0x0001f164      0x196 Middlewares/Third_Party/FreeRTOS/Source/portable/GCC/ARM_CM4F/port.o
 .debug_macro   0x0001f2fa      0x1a2 Middlewares/Third_Party/FreeRTOS/Source/portable/MemMang/heap_4.o
 .debug_macro   0x0001f49c      0x27f Src/freertos.o
 .debug_macro   0x0001f71b       0x2e Src/freertos.o
 .debug_macro   0x0001f749       0x70 Src/freertos.o
 .debug_macro   0x0001f7b9      0x308 Src/hci_tl_interface.o
 .debug_macro   0x0001fac1       0x16 Src/hci_tl_interface.o
 .debug_macro   0x0001fad7       0x52 Src/hci_tl_interface.o
 .debug_macro   0x0001fb29      0x2cf Src/main.o
 .debug_macro   0x0001fdf8      0x982 Src/main.o
 .debug_macro   0x0002077a       0x1c Src/main.o
 .debug_macro   0x00020796     0x102d Src/main.o
 .debug_macro   0x000217c3      0x17b Src/main.o
 .debug_macro   0x0002193e       0xea Src/main.o
 .debug_macro   0x00021a28      0x217 Src/stm32f4xx_hal_msp.o
 .debug_macro   0x00021c3f      0x1d8 Src/stm32f4xx_hal_timebase_tim.o
 .debug_macro   0x00021e17      0x289 Src/stm32f4xx_it.o
 .debug_macro   0x000220a0      0x1de Src/system_stm32f4xx.o

.debug_line     0x00000000     0xd33a
 .debug_line    0x00000000      0x8ca Drivers/STM32F4xx_HAL_Driver/Src/stm32f4xx_hal.o
 .debug_line    0x000008ca      0x900 Drivers/STM32F4xx_HAL_Driver/Src/stm32f4xx_hal_cortex.o
 .debug_line    0x000011ca      0x9f4 Drivers/STM32F4xx_HAL_Driver/Src/stm32f4xx_hal_dma.o
 .debug_line    0x00001bbe      0x813 Drivers/STM32F4xx_HAL_Driver/Src/stm32f4xx_hal_exti.o
 .debug_line    0x000023d1      0x85d Drivers/STM32F4xx_HAL_Driver/Src/stm32f4xx_hal_gpio.o
 .debug_line    0x00002c2e      0x955 Drivers/STM32F4xx_HAL_Driver/Src/stm32f4xx_hal_rcc.o
 .debug_line    0x00003583     0x193a Drivers/STM32F4xx_HAL_Driver/Src/stm32f4xx_hal_tim.o
 .debug_line    0x00004ebd      0xd03 Drivers/STM32F4xx_HAL_Driver/Src/stm32f4xx_hal_tim_ex.o
 .debug_line    0x00005bc0     0x101b Drivers/STM32F4xx_HAL_Driver/Src/stm32f4xx_hal_uart.o
 .debug_line    0x00006bdb      0xbcb Middlewares/Third_Party/FreeRTOS/Source/CMSIS_RTOS/cmsis_os.o
 .debug_line    0x000077a6      0x566 Middlewares/Third_Party/FreeRTOS/Source/list.o
 .debug_line    0x00007d0c      0xe6a Middlewares/Third_Party/FreeRTOS/Source/tasks.o
 .debug_line    0x00008b76      0x610 Middlewares/Third_Party/FreeRTOS/Source/portable/GCC/ARM_CM4F/port.o
 .debug_line    0x00009186      0x619 Middlewares/Third_Party/FreeRTOS/Source/portable/MemMang/heap_4.o
 .debug_line    0x0000979f      0x865 Src/freertos.o
 .debug_line    0x0000a004      0x9ca Src/hci_tl_interface.o
 .debug_line    0x0000a9ce      0xa17 Src/main.o
 .debug_line    0x0000b3e5      0x7c2 Src/stm32f4xx_hal_msp.o
 .debug_line    0x0000bba7      0x701 Src/stm32f4xx_hal_timebase_tim.o
 .debug_line    0x0000c2a8      0x920 Src/stm32f4xx_it.o
 .debug_line    0x0000cbc8      0x6f4 Src/system_stm32f4xx.o
 .debug_line    0x0000d2bc       0x7e startup/startup_stm32f405xx.o

.debug_str      0x00000000    0xc8090
 .debug_str     0x00000000    0xb87f4 Drivers/STM32F4xx_HAL_Driver/Src/stm32f4xx_hal.o
                              0xb8bbe (size before relaxing)
 .debug_str     0x000b87f4      0x38e Drivers/STM32F4xx_HAL_Driver/Src/stm32f4xx_hal_cortex.o
                              0xb8968 (size before relaxing)
 .debug_str     0x000b8b82      0x4ee Drivers/STM32F4xx_HAL_Driver/Src/stm32f4xx_hal_dma.o
                              0xb84ee (size before relaxing)
 .debug_str     0x000b9070      0x1dd Drivers/STM32F4xx_HAL_Driver/Src/stm32f4xx_hal_exti.o
                              0xb8162 (size before relaxing)
 .debug_str     0x000b924d      0x226 Drivers/STM32F4xx_HAL_Driver/Src/stm32f4xx_hal_gpio.o
                              0xb830c (size before relaxing)
 .debug_str     0x000b9473      0x33f Drivers/STM32F4xx_HAL_Driver/Src/stm32f4xx_hal_rcc.o
                              0xb84e1 (size before relaxing)
 .debug_str     0x000b97b2      0xed7 Drivers/STM32F4xx_HAL_Driver/Src/stm32f4xx_hal_tim.o
                              0xb922c (size before relaxing)
 .debug_str     0x000ba689      0x4d4 Drivers/STM32F4xx_HAL_Driver/Src/stm32f4xx_hal_tim_ex.o
                              0xb8a44 (size before relaxing)
 .debug_str     0x000bab5d      0x6a8 Drivers/STM32F4xx_HAL_Driver/Src/stm32f4xx_hal_uart.o
                              0xb8990 (size before relaxing)
 .debug_str     0x000bb205     0x97b2 Middlewares/Third_Party/FreeRTOS/Source/CMSIS_RTOS/cmsis_os.o
                               0xd8df (size before relaxing)
 .debug_str     0x000c49b7      0x219 Middlewares/Third_Party/FreeRTOS/Source/list.o
                               0x9c89 (size before relaxing)
 .debug_str     0x000c4bd0     0x111f Middlewares/Third_Party/FreeRTOS/Source/tasks.o
                               0xbf4e (size before relaxing)
 .debug_str     0x000c5cef      0x783 Middlewares/Third_Party/FreeRTOS/Source/portable/GCC/ARM_CM4F/port.o
                               0x7dc4 (size before relaxing)
 .debug_str     0x000c6472      0x243 Middlewares/Third_Party/FreeRTOS/Source/portable/MemMang/heap_4.o
                               0xa49b (size before relaxing)
 .debug_str     0x000c66b5      0xa3d Src/freertos.o
                              0xbcaa0 (size before relaxing)
 .debug_str     0x000c70f2      0x43b Src/hci_tl_interface.o
                              0xbc1d8 (size before relaxing)
 .debug_str     0x000c752d      0x999 Src/main.o
                              0xc00da (size before relaxing)
 .debug_str     0x000c7ec6       0x1b Src/stm32f4xx_hal_msp.o
                              0xb94af (size before relaxing)
 .debug_str     0x000c7ee1       0x51 Src/stm32f4xx_hal_timebase_tim.o
                              0xb8a9a (size before relaxing)
 .debug_str     0x000c7f32      0x104 Src/stm32f4xx_it.o
                              0xbccb8 (size before relaxing)
 .debug_str     0x000c8036       0x5a Src/system_stm32f4xx.o
                              0xb80c8 (size before relaxing)

.comment        0x00000000       0x7f
 .comment       0x00000000       0x7f Drivers/STM32F4xx_HAL_Driver/Src/stm32f4xx_hal.o
                                 0x80 (size before relaxing)
 .comment       0x0000007f       0x80 Drivers/STM32F4xx_HAL_Driver/Src/stm32f4xx_hal_cortex.o
 .comment       0x0000007f       0x80 Drivers/STM32F4xx_HAL_Driver/Src/stm32f4xx_hal_dma.o
 .comment       0x0000007f       0x80 Drivers/STM32F4xx_HAL_Driver/Src/stm32f4xx_hal_exti.o
 .comment       0x0000007f       0x80 Drivers/STM32F4xx_HAL_Driver/Src/stm32f4xx_hal_gpio.o
 .comment       0x0000007f       0x80 Drivers/STM32F4xx_HAL_Driver/Src/stm32f4xx_hal_rcc.o
 .comment       0x0000007f       0x80 Drivers/STM32F4xx_HAL_Driver/Src/stm32f4xx_hal_tim.o
 .comment       0x0000007f       0x80 Drivers/STM32F4xx_HAL_Driver/Src/stm32f4xx_hal_tim_ex.o
 .comment       0x0000007f       0x80 Drivers/STM32F4xx_HAL_Driver/Src/stm32f4xx_hal_uart.o
 .comment       0x0000007f       0x80 Middlewares/Third_Party/FreeRTOS/Source/CMSIS_RTOS/cmsis_os.o
 .comment       0x0000007f       0x80 Middlewares/Third_Party/FreeRTOS/Source/list.o
 .comment       0x0000007f       0x80 Middlewares/Third_Party/FreeRTOS/Source/tasks.o
 .comment       0x0000007f       0x80 Middlewares/Third_Party/FreeRTOS/Source/portable/GCC/ARM_CM4F/port.o
 .comment       0x0000007f       0x80 Middlewares/Third_Party/FreeRTOS/Source/portable/MemMang/heap_4.o
 .comment       0x0000007f       0x80 Src/freertos.o
 .comment       0x0000007f       0x80 Src/hci_tl_interface.o
 .comment       0x0000007f       0x80 Src/main.o
 .comment       0x0000007f       0x80 Src/stm32f4xx_hal_msp.o
 .comment       0x0000007f       0x80 Src/stm32f4xx_hal_timebase_tim.o
 .comment       0x0000007f       0x80 Src/stm32f4xx_it.o
 .comment       0x0000007f       0x80 Src/system_stm32f4xx.o

.debug_frame    0x00000000     0x2ce8
 .debug_frame   0x00000000      0x1ec Drivers/STM32F4xx_HAL_Driver/Src/stm32f4xx_hal.o
 .debug_frame   0x000001ec      0x15c Drivers/STM32F4xx_HAL_Driver/Src/stm32f4xx_hal_cortex.o
 .debug_frame   0x00000348      0x17c Drivers/STM32F4xx_HAL_Driver/Src/stm32f4xx_hal_dma.o
 .debug_frame   0x000004c4       0xe4 Drivers/STM32F4xx_HAL_Driver/Src/stm32f4xx_hal_exti.o
 .debug_frame   0x000005a8       0xd8 Drivers/STM32F4xx_HAL_Driver/Src/stm32f4xx_hal_gpio.o
 .debug_frame   0x00000680      0x174 Drivers/STM32F4xx_HAL_Driver/Src/stm32f4xx_hal_rcc.o
 .debug_frame   0x000007f4      0xa88 Drivers/STM32F4xx_HAL_Driver/Src/stm32f4xx_hal_tim.o
 .debug_frame   0x0000127c      0x3b4 Drivers/STM32F4xx_HAL_Driver/Src/stm32f4xx_hal_tim_ex.o
 .debug_frame   0x00001630      0x4ec Drivers/STM32F4xx_HAL_Driver/Src/stm32f4xx_hal_uart.o
 .debug_frame   0x00001b1c      0x598 Middlewares/Third_Party/FreeRTOS/Source/CMSIS_RTOS/cmsis_os.o
 .debug_frame   0x000020b4       0x6c Middlewares/Third_Party/FreeRTOS/Source/list.o
 .debug_frame   0x00002120      0x54c Middlewares/Third_Party/FreeRTOS/Source/tasks.o
 .debug_frame   0x0000266c      0x100 Middlewares/Third_Party/FreeRTOS/Source/portable/GCC/ARM_CM4F/port.o
 .debug_frame   0x0000276c       0xac Middlewares/Third_Party/FreeRTOS/Source/portable/MemMang/heap_4.o
 .debug_frame   0x00002818       0x20 Src/freertos.o
 .debug_frame   0x00002838       0xfc Src/hci_tl_interface.o
 .debug_frame   0x00002934      0x12c Src/main.o
 .debug_frame   0x00002a60       0x6c Src/stm32f4xx_hal_msp.o
 .debug_frame   0x00002acc       0x50 Src/stm32f4xx_hal_timebase_tim.o
 .debug_frame   0x00002b1c       0xf0 Src/stm32f4xx_it.o
 .debug_frame   0x00002c0c       0x30 Src/system_stm32f4xx.o
 .debug_frame   0x00002c3c       0x2c c:/ac6/systemworkbench/plugins/fr.ac6.mcu.externaltools.arm-none.win32_1.15.0.201708311556/tools/compiler/bin/../lib/gcc/arm-none-eabi/6.3.1/thumb/v7e-m/fpv4-sp/hard\libgcc.a(_aeabi_uldivmod.o)
 .debug_frame   0x00002c68       0x34 c:/ac6/systemworkbench/plugins/fr.ac6.mcu.externaltools.arm-none.win32_1.15.0.201708311556/tools/compiler/bin/../lib/gcc/arm-none-eabi/6.3.1/thumb/v7e-m/fpv4-sp/hard\libgcc.a(_udivmoddi4.o)
 .debug_frame   0x00002c9c       0x2c c:/ac6/systemworkbench/plugins/fr.ac6.mcu.externaltools.arm-none.win32_1.15.0.201708311556/tools/compiler/bin/../lib/gcc/arm-none-eabi/6.3.1/../../../../arm-none-eabi/lib/thumb/v7e-m/fpv4-sp/hard\libc_nano.a(lib_a-init.o)
 .debug_frame   0x00002cc8       0x20 c:/ac6/systemworkbench/plugins/fr.ac6.mcu.externaltools.arm-none.win32_1.15.0.201708311556/tools/compiler/bin/../lib/gcc/arm-none-eabi/6.3.1/../../../../arm-none-eabi/lib/thumb/v7e-m/fpv4-sp/hard\libc_nano.a(lib_a-memset.o)
