stm32f4xx_it.c:78:6:NMI_Handler	4	static
stm32f4xx_it.c:91:6:HardFault_Handler	4	static
stm32f4xx_it.c:106:6:MemManage_Handler	4	static
stm32f4xx_it.c:121:6:BusFault_Handler	4	static
stm32f4xx_it.c:136:6:UsageFault_Handler	4	static
stm32f4xx_it.c:151:6:DebugMon_Handler	4	static
stm32f4xx_it.c:171:6:DMA1_Stream5_IRQHandler	8	static
stm32f4xx_it.c:185:6:DMA1_Stream6_IRQHandler	8	static
stm32f4xx_it.c:199:6:USART1_IRQHandler	8	static
stm32f4xx_it.c:215:6:USART2_IRQHandler	8	static
stm32f4xx_it.c:231:6:TIM6_DAC_IRQHandler	8	static
stm32f4xx_it.c:245:6:DMA2_Stream2_IRQHandler	8	static
